driver_probe
PASS: fake Driver discovery, primary context, streams, lookup
virtual_driver_probe
PASS: virtual CUDA Driver ABI, FIFO, concurrency, waits, async memory, kernel and graph
virtual_multistream_probe
PASS: legacy barriers, nonblocking stream, cross-stream graph, unjoined capture, destroy/free
virtual_thread_probe
PASS: 8 threads, 500 submissions per thread, 0.124 s; retired TLS context rejected
graph_lifecycle_probe
PASS: two-stream capture, node lifetime, independent execs after graph destroy, event waits and synchronization
api_contract
PASS: Driver ABI exports, resolver, devices, contexts, streams, virtual memory, events, graphs and modules
capture_mode_probe
PASS: thread-local mode exchange
PASS: relaxed allocation
PASS: invalidation and recovery
PASS: capture-mode exchange, thread isolation, relaxed allocation, invalidation/recovery, owner thread
PASS: two devices, independent queues, cross-device events, peer access and copies
same completion separation: 160.000 ms
PASS: capture isolation, exec ordering/lifetime, event record snapshot
independent completion separation: 80.000 ms
PASS: capture isolation, exec ordering/lifetime, event record snapshot
