fake-cuda: call cuDriverGetVersion => 0
fake-cuda: call cuDriverGetVersion => 0
fake-cuda: call cuInit => 0
fake-cuda: call cuDeviceGetCount => 0
fake-cuda: call cuDeviceGet => 0
fake-cuda: call cuDeviceGetName => 0
fake-cuda: call cuDeviceTotalMem_v2 => 0
fake-cuda: call cuDeviceGetAttribute => 0
fake-cuda: call cuDeviceGetAttribute => 0
fake-cuda: call cuDeviceGetAttribute => 0
fake-cuda: call cuDeviceGetAttribute => 0
fake-cuda: call cuDeviceGetAttribute => 0
fake-cuda: call cuDeviceGetAttribute => 0
fake-cuda: call cuDeviceGetAttribute => 0
fake-cuda: call cuDeviceGetAttribute => 0
fake-cuda: call cuDeviceGetAttribute => 0
fake-cuda: call cuDeviceGetAttribute => 0
fake-cuda: call cuDeviceGetAttribute => 0
fake-cuda: call cuDeviceGetAttribute => 0
fake-cuda: call cuDeviceGetAttribute => 0
fake-cuda: call cuDeviceGetAttribute => 0
fake-cuda: call cuDeviceGetAttribute => 0
fake-cuda: call cuDeviceGetAttribute => 0
fake-cuda: call cuDeviceGetAttribute => 0
fake-cuda: call cuDeviceGetAttribute => 0
fake-cuda: call cuDeviceGetAttribute => 0
fake-cuda: call cuDeviceGetAttribute => 0
fake-cuda: call cuDeviceGetAttribute => 0
fake-cuda: call cuDeviceGetAttribute => 0
fake-cuda: call cuDeviceGetAttribute => 0
fake-cuda: call cuDeviceGetAttribute => 0
fake-cuda: call cuDeviceGetAttribute => 0
fake-cuda: call cuDeviceGetAttribute => 0
fake-cuda: call cuDeviceGetAttribute => 0
fake-cuda: call cuDeviceGetAttribute => 0
fake-cuda: call cuDeviceGetAttribute => 0
fake-cuda: call cuDeviceGetAttribute => 0
fake-cuda: call cuDeviceGetAttribute => 0
fake-cuda: call cuDeviceGetAttribute => 0
fake-cuda: call cuDeviceGetAttribute => 0
fake-cuda: call cuDeviceGetAttribute => 0
fake-cuda: call cuDeviceGetAttribute => 0
fake-cuda: call cuDeviceGetAttribute => 0
fake-cuda: call cuDeviceGetAttribute => 0
fake-cuda: call cuDeviceGetAttribute => 0
fake-cuda: call cuDeviceGetAttribute => 0
fake-cuda: call cuDeviceGetAttribute => 0
fake-cuda: call cuDeviceGetAttribute => 0
fake-cuda: call cuDeviceGetAttribute => 0
fake-cuda: call cuDeviceGetAttribute => 0
fake-cuda: call cuDeviceGetAttribute => 0
fake-cuda: call cuDeviceGetAttribute => 0
fake-cuda: call cuDeviceGetAttribute => 0
fake-cuda: call cuDeviceGetAttribute => 0
fake-cuda: call cuDeviceGetAttribute => 0
fake-cuda: call cuDeviceGetAttribute => 0
fake-cuda: call cuDeviceGetAttribute => 0
fake-cuda: call cuDeviceGetAttribute => 0
fake-cuda: call cuDeviceGetAttribute => 0
fake-cuda: call cuDeviceGetAttribute => 0
fake-cuda: call cuDeviceGetAttribute => 0
fake-cuda: call cuDeviceGetAttribute => 0
fake-cuda: call cuDeviceGetAttribute => 0
fake-cuda: call cuDeviceGetAttribute => 0
fake-cuda: call cuDeviceGetAttribute => 0
fake-cuda: call cuDeviceGetAttribute => 0
fake-cuda: call cuDeviceGetAttribute => 0
fake-cuda: call cuDeviceGetAttribute => 0
fake-cuda: call cuDeviceGetAttribute => 0
fake-cuda: call cuDeviceGetAttribute => 0
fake-cuda: call cuDeviceGetAttribute => 0
fake-cuda: call cuDeviceGetAttribute => 0
fake-cuda: call cuDeviceGetAttribute => 0
fake-cuda: call cuDeviceGetAttribute => 0
fake-cuda: call cuDeviceGetAttribute => 0
fake-cuda: call cuDeviceGetAttribute => 0
fake-cuda: call cuDeviceGetAttribute => 0
fake-cuda: call cuDeviceGetAttribute => 0
fake-cuda: call cuDeviceGetAttribute => 0
fake-cuda: call cuDeviceGetAttribute => 0
fake-cuda: call cuDeviceGetAttribute => 0
fake-cuda: call cuDeviceGetAttribute => 0
fake-cuda: call cuDeviceGetAttribute => 0
fake-cuda: call cuDeviceGetAttribute => 0
fake-cuda: call cuDeviceGetAttribute => 0
fake-cuda: call cuDeviceGetAttribute => 0
fake-cuda: call cuDeviceGetAttribute => 0
fake-cuda: call cuDeviceGetAttribute => 0
fake-cuda: call cuDeviceGetAttribute => 0
fake-cuda: call cuDeviceGetAttribute => 0
fake-cuda: call cuDeviceGetAttribute => 0
fake-cuda: call cuDeviceGetAttribute => 0
fake-cuda: call cuDeviceGetAttribute => 0
fake-cuda: call cuDeviceGetAttribute => 0
fake-cuda: call cuDeviceGetAttribute => 0
fake-cuda: call cuDeviceGetUuid => 0
fake-cuda: call cuDeviceGetAttribute => 0
fake-cuda: call cuDeviceGetAttribute => 0
fake-cuda: call cuDeviceGetAttribute => 0
fake-cuda: call cuDeviceGetAttribute => 0
fake-cuda: call cuDeviceGetAttribute => 0
fake-cuda: call cuDeviceGetAttribute => 0
fake-cuda: call cuDeviceGetAttribute => 0
fake-cuda: call cuDeviceGetAttribute => 0
fake-cuda: call cuDeviceGetAttribute => 0
fake-cuda: call cuDeviceGetAttribute => 0
fake-cuda: call cuDeviceGetAttribute => 0
fake-cuda: call cuDeviceGetAttribute => 0
fake-cuda: call cuDeviceGetAttribute => 0
fake-cuda: call cuDeviceGetAttribute => 0
fake-cuda: call cuDeviceGetAttribute => 0
fake-cuda: call cuDeviceGetAttribute => 0
fake-cuda: call cuDeviceGetAttribute => 0
fake-cuda: call cuDeviceGetAttribute => 0
fake-cuda: call cuDeviceGetAttribute => 0
fake-cuda: call cuDeviceGetAttribute => 0
fake-cuda: call cuDeviceGetAttribute => 0
fake-cuda: call cuDeviceGetAttribute => 0
fake-cuda: call cuDeviceGetAttribute => 0
fake-cuda: call cuCtxGetDevice => 201
fake-cuda: call cuDevicePrimaryCtxGetState => 0
fake-cuda: call cuCtxGetDevice => 201
fake-cuda: call cuDevicePrimaryCtxGetState => 0
fake-cuda: call cuCtxGetDevice => 201
fake-cuda: call cuDevicePrimaryCtxGetState => 0
fake-cuda: call cuCtxGetDevice => 201
FA4 import and virtual allocation PASS
fake-cuda: call cuCtxGetDevice => 201
fake-cuda: call cuCtxGetDevice => 201
fake-cuda: call cuCtxGetDevice => 201
fake-cuda: call cuCtxGetCurrent => 0
fake-cuda: call cuCtxSetCurrent => 0
fake-cuda: call cuDevicePrimaryCtxRetain => 0
fake-cuda: call cuCtxGetCurrent => 0
fake-cuda: call cuCtxGetDevice => 0
fake-cuda: call cuCtxGetDevice => 0
fake-cuda: call cuStreamIsCapturing => 0
fake-cuda: call cuMemAlloc_v2 => 0
fake-cuda: call cuDevicePrimaryCtxGetState => 0
fake-cuda: call cuCtxGetDevice => 0
fake-cuda: call cuDevicePrimaryCtxGetState => 0
fake-cuda: call cuCtxGetDevice => 0
fake-cuda: call cuCtxGetDevice => 0
fake-cuda: call cuCtxGetDevice => 0
fake-cuda: call cuCtxGetDevice => 0
fake-cuda: call cuDevicePrimaryCtxGetState => 0
fake-cuda: call cuCtxGetDevice => 0
fake-cuda: call cuDevicePrimaryCtxGetState => 0
fake-cuda: call cuCtxGetDevice => 0
fake-cuda: call cuCtxGetDevice => 0
fake-cuda: call cuCtxGetDevice => 0
fake-cuda: call cuCtxGetDevice => 0
fake-cuda: call cuDevicePrimaryCtxGetState => 0
fake-cuda: call cuCtxGetDevice => 0
fake-cuda: call cuDevicePrimaryCtxGetState => 0
fake-cuda: call cuCtxGetDevice => 0
fake-cuda: call cuCtxGetDevice => 0
fake-cuda: call cuCtxGetDevice => 0
fake-cuda: call cuCtxGetDevice => 0
fake-cuda: call cuStreamCreateWithPriority => 0
fake-cuda: call cuDevicePrimaryCtxGetState => 0
fake-cuda: call cuCtxGetDevice => 0
fake-cuda: call cuCtxGetDevice => 0
fake-cuda: call cuStreamCreateWithPriority => 0
fake-cuda: call cuDevicePrimaryCtxGetState => 0
fake-cuda: call cuCtxGetDevice => 0
fake-cuda: call cuCtxGetDevice => 0
fake-cuda: call cuStreamCreateWithPriority => 0
fake-cuda: call cuDevicePrimaryCtxGetState => 0
fake-cuda: call cuCtxGetDevice => 0
fake-cuda: call cuCtxGetDevice => 0
fake-cuda: call cuStreamCreateWithPriority => 0
fake-cuda: call cuDevicePrimaryCtxGetState => 0
fake-cuda: call cuCtxGetDevice => 0
fake-cuda: call cuCtxGetDevice => 0
fake-cuda: call cuStreamCreateWithPriority => 0
fake-cuda: call cuDevicePrimaryCtxGetState => 0
fake-cuda: call cuCtxGetDevice => 0
fake-cuda: call cuCtxGetDevice => 0
fake-cuda: call cuStreamCreateWithPriority => 0
fake-cuda: call cuDevicePrimaryCtxGetState => 0
fake-cuda: call cuCtxGetDevice => 0
fake-cuda: call cuCtxGetDevice => 0
fake-cuda: call cuStreamCreateWithPriority => 0
fake-cuda: call cuDevicePrimaryCtxGetState => 0
fake-cuda: call cuCtxGetDevice => 0
fake-cuda: call cuCtxGetDevice => 0
fake-cuda: call cuStreamCreateWithPriority => 0
fake-cuda: call cuDevicePrimaryCtxGetState => 0
fake-cuda: call cuCtxGetDevice => 0
fake-cuda: call cuCtxGetDevice => 0
fake-cuda: call cuStreamCreateWithPriority => 0
fake-cuda: call cuDevicePrimaryCtxGetState => 0
fake-cuda: call cuCtxGetDevice => 0
fake-cuda: call cuCtxGetDevice => 0
fake-cuda: call cuStreamCreateWithPriority => 0
fake-cuda: call cuDevicePrimaryCtxGetState => 0
fake-cuda: call cuCtxGetDevice => 0
fake-cuda: call cuCtxGetDevice => 0
fake-cuda: call cuStreamCreateWithPriority => 0
fake-cuda: call cuDevicePrimaryCtxGetState => 0
fake-cuda: call cuCtxGetDevice => 0
fake-cuda: call cuCtxGetDevice => 0
fake-cuda: call cuStreamCreateWithPriority => 0
fake-cuda: call cuDevicePrimaryCtxGetState => 0
fake-cuda: call cuCtxGetDevice => 0
fake-cuda: call cuCtxGetDevice => 0
fake-cuda: call cuStreamCreateWithPriority => 0
fake-cuda: call cuDevicePrimaryCtxGetState => 0
fake-cuda: call cuCtxGetDevice => 0
fake-cuda: call cuCtxGetDevice => 0
fake-cuda: call cuStreamCreateWithPriority => 0
fake-cuda: call cuDevicePrimaryCtxGetState => 0
fake-cuda: call cuCtxGetDevice => 0
fake-cuda: call cuCtxGetDevice => 0
fake-cuda: call cuStreamCreateWithPriority => 0
fake-cuda: call cuDevicePrimaryCtxGetState => 0
fake-cuda: call cuCtxGetDevice => 0
fake-cuda: call cuCtxGetDevice => 0
fake-cuda: call cuStreamCreateWithPriority => 0
fake-cuda: call cuDevicePrimaryCtxGetState => 0
fake-cuda: call cuCtxGetDevice => 0
fake-cuda: call cuCtxGetDevice => 0
fake-cuda: call cuStreamCreateWithPriority => 0
fake-cuda: call cuDevicePrimaryCtxGetState => 0
fake-cuda: call cuCtxGetDevice => 0
fake-cuda: call cuCtxGetDevice => 0
fake-cuda: call cuStreamCreateWithPriority => 0
fake-cuda: call cuDevicePrimaryCtxGetState => 0
fake-cuda: call cuCtxGetDevice => 0
fake-cuda: call cuCtxGetDevice => 0
fake-cuda: call cuStreamCreateWithPriority => 0
fake-cuda: call cuDevicePrimaryCtxGetState => 0
fake-cuda: call cuCtxGetDevice => 0
fake-cuda: call cuCtxGetDevice => 0
fake-cuda: call cuStreamCreateWithPriority => 0
fake-cuda: call cuDevicePrimaryCtxGetState => 0
fake-cuda: call cuCtxGetDevice => 0
fake-cuda: call cuCtxGetDevice => 0
fake-cuda: call cuStreamCreateWithPriority => 0
fake-cuda: call cuDevicePrimaryCtxGetState => 0
fake-cuda: call cuCtxGetDevice => 0
fake-cuda: call cuCtxGetDevice => 0
fake-cuda: call cuStreamCreateWithPriority => 0
fake-cuda: call cuDevicePrimaryCtxGetState => 0
fake-cuda: call cuCtxGetDevice => 0
fake-cuda: call cuCtxGetDevice => 0
fake-cuda: call cuStreamCreateWithPriority => 0
fake-cuda: call cuDevicePrimaryCtxGetState => 0
fake-cuda: call cuCtxGetDevice => 0
fake-cuda: call cuCtxGetDevice => 0
fake-cuda: call cuStreamCreateWithPriority => 0
fake-cuda: call cuDevicePrimaryCtxGetState => 0
fake-cuda: call cuCtxGetDevice => 0
fake-cuda: call cuCtxGetDevice => 0
fake-cuda: call cuStreamCreateWithPriority => 0
fake-cuda: call cuDevicePrimaryCtxGetState => 0
fake-cuda: call cuCtxGetDevice => 0
fake-cuda: call cuCtxGetDevice => 0
fake-cuda: call cuStreamCreateWithPriority => 0
fake-cuda: call cuDevicePrimaryCtxGetState => 0
fake-cuda: call cuCtxGetDevice => 0
fake-cuda: call cuCtxGetDevice => 0
fake-cuda: call cuStreamCreateWithPriority => 0
fake-cuda: call cuDevicePrimaryCtxGetState => 0
fake-cuda: call cuCtxGetDevice => 0
fake-cuda: call cuCtxGetDevice => 0
fake-cuda: call cuStreamCreateWithPriority => 0
fake-cuda: call cuDevicePrimaryCtxGetState => 0
fake-cuda: call cuCtxGetDevice => 0
fake-cuda: call cuCtxGetDevice => 0
fake-cuda: call cuStreamCreateWithPriority => 0
fake-cuda: call cuDevicePrimaryCtxGetState => 0
fake-cuda: call cuCtxGetDevice => 0
fake-cuda: call cuCtxGetDevice => 0
fake-cuda: call cuStreamCreateWithPriority => 0
fake-cuda: call cuDevicePrimaryCtxGetState => 0
fake-cuda: call cuCtxGetDevice => 0
fake-cuda: call cuCtxGetDevice => 0
fake-cuda: call cuStreamCreateWithPriority => 0
fake-cuda: call cuDevicePrimaryCtxGetState => 0
fake-cuda: call cuCtxGetDevice => 0
fake-cuda: call cuCtxGetDevice => 0
fake-cuda: call cuStreamCreateWithPriority => 0
fake-cuda: call cuDevicePrimaryCtxGetState => 0
fake-cuda: call cuCtxGetDevice => 0
fake-cuda: call cuCtxGetDevice => 0
fake-cuda: call cuStreamCreateWithPriority => 0
fake-cuda: call cuDevicePrimaryCtxGetState => 0
fake-cuda: call cuCtxGetDevice => 0
fake-cuda: call cuCtxGetDevice => 0
fake-cuda: call cuStreamCreateWithPriority => 0
fake-cuda: call cuDevicePrimaryCtxGetState => 0
fake-cuda: call cuCtxGetDevice => 0
fake-cuda: call cuCtxGetDevice => 0
fake-cuda: call cuStreamCreateWithPriority => 0
fake-cuda: call cuDevicePrimaryCtxGetState => 0
fake-cuda: call cuCtxGetDevice => 0
fake-cuda: call cuCtxGetDevice => 0
fake-cuda: call cuStreamCreateWithPriority => 0
fake-cuda: call cuDevicePrimaryCtxGetState => 0
fake-cuda: call cuCtxGetDevice => 0
fake-cuda: call cuCtxGetDevice => 0
fake-cuda: call cuStreamCreateWithPriority => 0
fake-cuda: call cuDevicePrimaryCtxGetState => 0
fake-cuda: call cuCtxGetDevice => 0
fake-cuda: call cuCtxGetDevice => 0
fake-cuda: call cuStreamCreateWithPriority => 0
fake-cuda: call cuDevicePrimaryCtxGetState => 0
fake-cuda: call cuCtxGetDevice => 0
fake-cuda: call cuCtxGetDevice => 0
fake-cuda: call cuStreamCreateWithPriority => 0
fake-cuda: call cuDevicePrimaryCtxGetState => 0
fake-cuda: call cuCtxGetDevice => 0
fake-cuda: call cuCtxGetDevice => 0
fake-cuda: call cuStreamCreateWithPriority => 0
fake-cuda: call cuDevicePrimaryCtxGetState => 0
fake-cuda: call cuCtxGetDevice => 0
fake-cuda: call cuCtxGetDevice => 0
fake-cuda: call cuStreamCreateWithPriority => 0
fake-cuda: call cuDevicePrimaryCtxGetState => 0
fake-cuda: call cuCtxGetDevice => 0
fake-cuda: call cuCtxGetDevice => 0
fake-cuda: call cuStreamCreateWithPriority => 0
fake-cuda: call cuDevicePrimaryCtxGetState => 0
fake-cuda: call cuCtxGetDevice => 0
fake-cuda: call cuCtxGetDevice => 0
fake-cuda: call cuStreamCreateWithPriority => 0
fake-cuda: call cuDevicePrimaryCtxGetState => 0
fake-cuda: call cuCtxGetDevice => 0
fake-cuda: call cuCtxGetDevice => 0
fake-cuda: call cuStreamCreateWithPriority => 0
fake-cuda: call cuDevicePrimaryCtxGetState => 0
fake-cuda: call cuCtxGetDevice => 0
fake-cuda: call cuCtxGetDevice => 0
fake-cuda: call cuStreamCreateWithPriority => 0
fake-cuda: call cuDevicePrimaryCtxGetState => 0
fake-cuda: call cuCtxGetDevice => 0
fake-cuda: call cuCtxGetDevice => 0
fake-cuda: call cuStreamCreateWithPriority => 0
fake-cuda: call cuDevicePrimaryCtxGetState => 0
fake-cuda: call cuCtxGetDevice => 0
fake-cuda: call cuCtxGetDevice => 0
fake-cuda: call cuStreamCreateWithPriority => 0
fake-cuda: call cuDevicePrimaryCtxGetState => 0
fake-cuda: call cuCtxGetDevice => 0
fake-cuda: call cuCtxGetDevice => 0
fake-cuda: call cuStreamCreateWithPriority => 0
fake-cuda: call cuDevicePrimaryCtxGetState => 0
fake-cuda: call cuCtxGetDevice => 0
fake-cuda: call cuCtxGetDevice => 0
fake-cuda: call cuStreamCreateWithPriority => 0
fake-cuda: call cuDevicePrimaryCtxGetState => 0
fake-cuda: call cuCtxGetDevice => 0
fake-cuda: call cuCtxGetDevice => 0
fake-cuda: call cuStreamCreateWithPriority => 0
fake-cuda: call cuDevicePrimaryCtxGetState => 0
fake-cuda: call cuCtxGetDevice => 0
fake-cuda: call cuCtxGetDevice => 0
fake-cuda: call cuStreamCreateWithPriority => 0
fake-cuda: call cuDevicePrimaryCtxGetState => 0
fake-cuda: call cuCtxGetDevice => 0
fake-cuda: call cuCtxGetDevice => 0
fake-cuda: call cuStreamCreateWithPriority => 0
fake-cuda: call cuDevicePrimaryCtxGetState => 0
fake-cuda: call cuCtxGetDevice => 0
fake-cuda: call cuCtxGetDevice => 0
fake-cuda: call cuStreamCreateWithPriority => 0
fake-cuda: call cuDevicePrimaryCtxGetState => 0
fake-cuda: call cuCtxGetDevice => 0
fake-cuda: call cuCtxGetDevice => 0
fake-cuda: call cuStreamCreateWithPriority => 0
fake-cuda: call cuDevicePrimaryCtxGetState => 0
fake-cuda: call cuCtxGetDevice => 0
fake-cuda: call cuCtxGetDevice => 0
fake-cuda: call cuStreamCreateWithPriority => 0
fake-cuda: call cuDevicePrimaryCtxGetState => 0
fake-cuda: call cuCtxGetDevice => 0
fake-cuda: call cuCtxGetDevice => 0
fake-cuda: call cuStreamCreateWithPriority => 0
fake-cuda: call cuDevicePrimaryCtxGetState => 0
fake-cuda: call cuCtxGetDevice => 0
fake-cuda: call cuCtxGetDevice => 0
fake-cuda: call cuStreamCreateWithPriority => 0
fake-cuda: call cuDevicePrimaryCtxGetState => 0
fake-cuda: call cuCtxGetDevice => 0
fake-cuda: call cuCtxGetDevice => 0
fake-cuda: call cuStreamCreateWithPriority => 0
fake-cuda: call cuDevicePrimaryCtxGetState => 0
fake-cuda: call cuCtxGetDevice => 0
fake-cuda: call cuCtxGetDevice => 0
fake-cuda: call cuStreamCreateWithPriority => 0
fake-cuda: call cuDevicePrimaryCtxGetState => 0
fake-cuda: call cuCtxGetDevice => 0
fake-cuda: call cuCtxGetDevice => 0
fake-cuda: call cuStreamCreateWithPriority => 0
fake-cuda: call cuDevicePrimaryCtxGetState => 0
fake-cuda: call cuCtxGetDevice => 0
fake-cuda: call cuCtxGetDevice => 0
fake-cuda: call cuStreamCreateWithPriority => 0
fake-cuda: call cuDevicePrimaryCtxGetState => 0
fake-cuda: call cuCtxGetDevice => 0
fake-cuda: call cuCtxGetDevice => 0
fake-cuda: call cuStreamCreateWithPriority => 0
fake-cuda: call cuDevicePrimaryCtxGetState => 0
fake-cuda: call cuCtxGetDevice => 0
fake-cuda: call cuCtxGetDevice => 0
fake-cuda: call cuStreamCreateWithPriority => 0
fake-cuda: call cuDevicePrimaryCtxGetState => 0
fake-cuda: call cuCtxGetDevice => 0
fake-cuda: call cuCtxGetDevice => 0
fake-cuda: call cuStreamCreateWithPriority => 0
fake-cuda: call cuDevicePrimaryCtxGetState => 0
fake-cuda: call cuCtxGetDevice => 0
fake-cuda: call cuCtxGetDevice => 0
fake-cuda: call cuCtxGetDevice => 0
fake-cuda: call cuCtxGetDevice => 0
fake-cuda: call cuEventCreate => 0
fake-cuda: call cuDevicePrimaryCtxGetState => 0
fake-cuda: call cuCtxGetDevice => 0
fake-cuda: call cuCtxGetDevice => 0
fake-cuda: call cuCtxGetDevice => 0
fake-cuda: call cuStreamIsCapturing => 0
fake-cuda: call cuDevicePrimaryCtxGetState => 0
fake-cuda: call cuCtxGetDevice => 0
fake-cuda: call cuCtxGetDevice => 0
fake-cuda: call cuCtxGetDevice => 0
fake-cuda: call cuStreamIsCapturing => 0
fake-cuda: call cuStreamWaitEvent => 0
fake-cuda: call cuDevicePrimaryCtxGetState => 0
fake-cuda: call cuCtxGetDevice => 0
fake-cuda: call cuCtxGetDevice => 0
fake-cuda: call cuEventDestroy_v2 => 0
fake-cuda: call cuDevicePrimaryCtxGetState => 0
fake-cuda: call cuCtxGetDevice => 0
fake-cuda: call cuCtxGetDevice => 0
fake-cuda: call cuCtxGetDevice => 0
fake-cuda: call cuCtxGetDevice => 0
fake-cuda: call cuCtxGetDevice => 0
fake-cuda: call cuCtxGetDevice => 0
fake-cuda: call cuCtxGetDevice => 0
fake-cuda: call cuCtxGetDevice => 0
fake-cuda: call cuCtxGetDevice => 0
fake-cuda: call cuCtxGetDevice => 0
fake-cuda: call cuStreamIsCapturing => 0
fake-cuda: call cuMemAlloc_v2 => 0
fake-cuda: call cuDevicePrimaryCtxGetState => 0
fake-cuda: call cuCtxGetDevice => 0
fake-cuda: call cuDevicePrimaryCtxGetState => 0
fake-cuda: call cuCtxGetDevice => 0
fake-cuda: call cuInit => 0
fake-cuda: call cuDeviceGet => 0
fake-cuda: call cuDeviceGetAttribute => 0
fake-cuda: call cuDeviceGetAttribute => 0
/home/gongji/0z5a/lib/python3.12/site-packages/nvidia_cutlass_dsl/dsl_packages/cutlass/base_dsl/dsl.py:2309: UserWarning: Argument aux_data (position 17) cannot be converted to a JitArgument for function 'cutlass___call___flash_attncuteflash_fwd_sm90FlashAttentionForwardSm90_object_at__Tensorgmemoi64i64i641_Tensorgmemoi64i64i641_Tensorgmemoi64i64i641_Tensorgmemoi64i64i641_None_0125_'. Its type `<class 'flash_attn.cute.utils.AuxData'>` is not supported. If the value is known at compile time, annotate it: `aux_data: Constexpr`. Otherwise, implement the `JitArgument` or `DynamicExpression` protocol for type `<class 'flash_attn.cute.utils.AuxData'>`, or register a custom argument adapter.
  exe_args, func_types, adapted_args = self.generate_mlir_function_types(
fake-cuda: call cuDriverGetVersion => 0
fake-cuda: call cuInit => 0
fake-cuda: call cuDeviceGetCount => 0
fake-cuda: call cuDeviceGet => 0
fake-cuda: call cuDeviceGetName => 0
fake-cuda: call cuDeviceTotalMem_v2 => 0
fake-cuda: call cuDeviceGetAttribute => 0
fake-cuda: call cuDeviceGetAttribute => 0
fake-cuda: call cuDeviceGetAttribute => 0
fake-cuda: call cuDeviceGetAttribute => 0
fake-cuda: call cuDeviceGetAttribute => 0
fake-cuda: call cuDeviceGetAttribute => 0
fake-cuda: call cuDeviceGetAttribute => 0
fake-cuda: call cuDeviceGetAttribute => 0
fake-cuda: call cuDeviceGetAttribute => 0
fake-cuda: call cuDeviceGetAttribute => 0
fake-cuda: call cuDeviceGetAttribute => 0
fake-cuda: call cuDeviceGetAttribute => 0
fake-cuda: call cuDeviceGetAttribute => 0
fake-cuda: call cuDeviceGetAttribute => 0
fake-cuda: call cuDeviceGetAttribute => 0
fake-cuda: call cuDeviceGetAttribute => 0
fake-cuda: call cuDeviceGetAttribute => 0
fake-cuda: call cuDeviceGetAttribute => 0
fake-cuda: call cuDeviceGetAttribute => 0
fake-cuda: call cuDeviceGetAttribute => 0
fake-cuda: call cuDeviceGetAttribute => 0
fake-cuda: call cuDeviceGetAttribute => 0
fake-cuda: call cuDeviceGetAttribute => 0
fake-cuda: call cuDeviceGetAttribute => 0
fake-cuda: call cuDeviceGetAttribute => 0
fake-cuda: call cuDeviceGetAttribute => 0
fake-cuda: call cuDeviceGetAttribute => 0
fake-cuda: call cuDeviceGetAttribute => 0
fake-cuda: call cuDeviceGetAttribute => 0
fake-cuda: call cuDeviceGetAttribute => 0
fake-cuda: call cuDeviceGetAttribute => 0
fake-cuda: call cuDeviceGetAttribute => 0
fake-cuda: call cuDeviceGetAttribute => 0
fake-cuda: call cuDeviceGetAttribute => 0
fake-cuda: call cuDeviceGetAttribute => 0
fake-cuda: call cuDeviceGetAttribute => 0
fake-cuda: call cuDeviceGetAttribute => 0
fake-cuda: call cuDeviceGetAttribute => 0
fake-cuda: call cuDeviceGetAttribute => 0
fake-cuda: call cuDeviceGetAttribute => 0
fake-cuda: call cuDeviceGetAttribute => 0
fake-cuda: call cuDeviceGetAttribute => 0
fake-cuda: call cuDeviceGetAttribute => 0
fake-cuda: call cuDeviceGetAttribute => 0
fake-cuda: call cuDeviceGetAttribute => 0
fake-cuda: call cuDeviceGetAttribute => 0
fake-cuda: call cuDeviceGetAttribute => 0
fake-cuda: call cuDeviceGetAttribute => 0
fake-cuda: call cuDeviceGetAttribute => 0
fake-cuda: call cuDeviceGetAttribute => 0
fake-cuda: call cuDeviceGetAttribute => 0
fake-cuda: call cuDeviceGetAttribute => 0
fake-cuda: call cuDeviceGetAttribute => 0
fake-cuda: call cuDeviceGetAttribute => 0
fake-cuda: call cuDeviceGetAttribute => 0
fake-cuda: call cuDeviceGetAttribute => 0
fake-cuda: call cuDeviceGetAttribute => 0
fake-cuda: call cuDeviceGetAttribute => 0
fake-cuda: call cuDeviceGetAttribute => 0
fake-cuda: call cuDeviceGetAttribute => 0
fake-cuda: call cuDeviceGetAttribute => 0
fake-cuda: call cuDeviceGetAttribute => 0
fake-cuda: call cuDeviceGetAttribute => 0
fake-cuda: call cuDeviceGetAttribute => 0
fake-cuda: call cuDeviceGetAttribute => 0
fake-cuda: call cuDeviceGetAttribute => 0
fake-cuda: call cuDeviceGetAttribute => 0
fake-cuda: call cuDeviceGetAttribute => 0
fake-cuda: call cuDeviceGetAttribute => 0
fake-cuda: call cuDeviceGetAttribute => 0
fake-cuda: call cuDeviceGetAttribute => 0
fake-cuda: call cuDeviceGetAttribute => 0
fake-cuda: call cuDeviceGetAttribute => 0
fake-cuda: call cuDeviceGetAttribute => 0
fake-cuda: call cuDeviceGetAttribute => 0
fake-cuda: call cuDeviceGetAttribute => 0
fake-cuda: call cuDeviceGetAttribute => 0
fake-cuda: call cuDeviceGetAttribute => 0
fake-cuda: call cuDeviceGetAttribute => 0
fake-cuda: call cuDeviceGetAttribute => 0
fake-cuda: call cuDeviceGetAttribute => 0
fake-cuda: call cuDeviceGetAttribute => 0
fake-cuda: call cuDeviceGetAttribute => 0
fake-cuda: call cuDeviceGetAttribute => 0
fake-cuda: call cuDeviceGetAttribute => 0
fake-cuda: call cuDeviceGetAttribute => 0
fake-cuda: call cuDeviceGetAttribute => 0
fake-cuda: call cuDeviceGetAttribute => 0
fake-cuda: call cuDeviceGetUuid => 0
fake-cuda: call cuDeviceGetAttribute => 0
fake-cuda: call cuDeviceGetAttribute => 0
fake-cuda: call cuDeviceGetAttribute => 0
fake-cuda: call cuDeviceGetAttribute => 0
fake-cuda: call cuDeviceGetAttribute => 0
fake-cuda: call cuDeviceGetAttribute => 0
fake-cuda: call cuDeviceGetAttribute => 0
fake-cuda: call cuDeviceGetAttribute => 0
fake-cuda: call cuDeviceGetAttribute => 0
fake-cuda: call cuDeviceGetAttribute => 0
fake-cuda: call cuDeviceGetAttribute => 0
fake-cuda: call cuDeviceGetAttribute => 0
fake-cuda: call cuDeviceGetAttribute => 0
fake-cuda: call cuDeviceGetAttribute => 0
fake-cuda: call cuDeviceGetAttribute => 0
fake-cuda: call cuDeviceGetAttribute => 0
fake-cuda: call cuDeviceGetAttribute => 0
fake-cuda: call cuDeviceGetAttribute => 0
fake-cuda: call cuDeviceGetAttribute => 0
fake-cuda: call cuDeviceGetAttribute => 0
fake-cuda: call cuDeviceGetAttribute => 0
fake-cuda: call cuDeviceGetAttribute => 0
fake-cuda: call cuDeviceGetAttribute => 0
fake-cuda: call cuLibraryLoadData => 0
fake-cuda: call cuDeviceGetAttribute => 0
fake-cuda: call cuLibraryGetKernel => 0
fake-cuda: call cuCtxGetDevice => 0
Traceback (most recent call last):
  File "/home/gongji/0z5a/work/fake-cuda-pcie-test/kernels/fa4-control-flow.py", line 10, in <module>
    flash_attn_func(q, k, v)
  File "/home/gongji/0z5a/work/fake-cuda-pcie-test/kernels/fa4/flash_attn/cute/interface.py", line 3828, in flash_attn_func
    return FlashAttnFunc.apply(
           ^^^^^^^^^^^^^^^^^^^^
  File "/home/gongji/0z5a/lib/python3.12/site-packages/torch/autograd/function.py", line 625, in apply
    return super().apply(*args, **kwargs)  # type: ignore[misc]
           ^^^^^^^^^^^^^^^^^^^^^^^^^^^^^^
  File "/home/gongji/0z5a/work/fake-cuda-pcie-test/kernels/fa4/flash_attn/cute/interface.py", line 3457, in forward
    out, lse, p, row_max, o_lo = _flash_attn_fwd(
                                 ^^^^^^^^^^^^^^^^
  File "/home/gongji/0z5a/work/fake-cuda-pcie-test/kernels/fa4/flash_attn/cute/interface.py", line 1651, in _flash_attn_fwd
    _flash_attn_fwd.compile_cache[compile_key](*call_args)
  File "<string>", line 3, in wrapper
  File "python/tvm_ffi/cython/function.pxi", line 968, in tvm_ffi.core.Function.__call__
  File "<unknown>", line 0, in cuda_dialect_init_library_once
RuntimeError: Got Cuda Runtime Error: cudaErrorUnknown unknown error
fake-cuda: call cuDevicePrimaryCtxRelease_v2 => 0
