fake-cuda: call cuDriverGetVersion => 0
fake-cuda: call cuInit => 0
fake-cuda: call cuDeviceGetCount => 0
fake-cuda: call cuDeviceGet => 0
fake-cuda: call cuDeviceGetName => 0
fake-cuda: call cuDeviceTotalMem_v2 => 0
fake-cuda: call cuDeviceGetAttribute => 0
fake-cuda: call cuDeviceGetAttribute => 0
fake-cuda: call cuDeviceGetAttribute => 0
fake-cuda: call cuDeviceGetAttribute => 0
fake-cuda: call cuDeviceGetAttribute => 0
fake-cuda: call cuDeviceGetAttribute => 0
fake-cuda: call cuDeviceGetAttribute => 0
fake-cuda: call cuDeviceGetAttribute => 0
fake-cuda: call cuDeviceGetAttribute => 0
fake-cuda: call cuDeviceGetAttribute => 0
fake-cuda: call cuDeviceGetAttribute => 0
fake-cuda: call cuDeviceGetAttribute => 0
fake-cuda: call cuDeviceGetAttribute => 0
fake-cuda: call cuDeviceGetAttribute => 0
fake-cuda: call cuDeviceGetAttribute => 0
fake-cuda: call cuDeviceGetAttribute => 0
fake-cuda: call cuDeviceGetAttribute => 0
fake-cuda: call cuDeviceGetAttribute => 0
fake-cuda: call cuDeviceGetAttribute => 0
fake-cuda: call cuDeviceGetAttribute => 0
fake-cuda: call cuDeviceGetAttribute => 0
fake-cuda: call cuDeviceGetAttribute => 0
fake-cuda: call cuDeviceGetAttribute => 0
fake-cuda: call cuDeviceGetAttribute => 0
fake-cuda: call cuDeviceGetAttribute => 0
fake-cuda: call cuDeviceGetAttribute => 0
fake-cuda: call cuDeviceGetAttribute => 0
fake-cuda: call cuDeviceGetAttribute => 0
fake-cuda: call cuDeviceGetAttribute => 0
fake-cuda: call cuDeviceGetAttribute => 0
fake-cuda: call cuDeviceGetAttribute => 0
fake-cuda: call cuDeviceGetAttribute => 0
fake-cuda: call cuDeviceGetAttribute => 0
fake-cuda: call cuDeviceGetAttribute => 0
fake-cuda: call cuDeviceGetAttribute => 0
fake-cuda: call cuDeviceGetAttribute => 0
fake-cuda: call cuDeviceGetAttribute => 0
fake-cuda: call cuDeviceGetAttribute => 0
fake-cuda: call cuDeviceGetAttribute => 0
fake-cuda: call cuDeviceGetAttribute => 0
fake-cuda: call cuDeviceGetAttribute => 0
fake-cuda: call cuDeviceGetAttribute => 0
fake-cuda: call cuDeviceGetAttribute => 0
fake-cuda: call cuDeviceGetAttribute => 0
fake-cuda: call cuDeviceGetAttribute => 0
fake-cuda: call cuDeviceGetAttribute => 0
fake-cuda: call cuDeviceGetAttribute => 0
fake-cuda: call cuDeviceGetAttribute => 0
fake-cuda: call cuDeviceGetAttribute => 0
fake-cuda: call cuDeviceGetAttribute => 0
fake-cuda: call cuDeviceGetAttribute => 0
fake-cuda: call cuDeviceGetAttribute => 0
fake-cuda: call cuDeviceGetAttribute => 0
fake-cuda: call cuDeviceGetAttribute => 0
fake-cuda: call cuDeviceGetAttribute => 0
fake-cuda: call cuDeviceGetAttribute => 0
fake-cuda: call cuDeviceGetAttribute => 0
fake-cuda: call cuDeviceGetAttribute => 0
fake-cuda: call cuDeviceGetAttribute => 0
fake-cuda: call cuDeviceGetAttribute => 0
fake-cuda: call cuDeviceGetAttribute => 0
fake-cuda: call cuDeviceGetAttribute => 0
fake-cuda: call cuDeviceGetAttribute => 0
fake-cuda: call cuDeviceGetAttribute => 0
fake-cuda: call cuDeviceGetAttribute => 0
fake-cuda: call cuDeviceGetAttribute => 0
fake-cuda: call cuDeviceGetAttribute => 0
fake-cuda: call cuDeviceGetAttribute => 0
fake-cuda: call cuDeviceGetAttribute => 0
fake-cuda: call cuDeviceGetAttribute => 0
fake-cuda: call cuDeviceGetAttribute => 0
fake-cuda: call cuDeviceGetAttribute => 0
fake-cuda: call cuDeviceGetAttribute => 0
fake-cuda: call cuDeviceGetAttribute => 0
fake-cuda: call cuDeviceGetAttribute => 0
fake-cuda: call cuDeviceGetAttribute => 0
fake-cuda: call cuDeviceGetAttribute => 0
fake-cuda: call cuDeviceGetAttribute => 0
fake-cuda: call cuDeviceGetAttribute => 0
fake-cuda: call cuDeviceGetAttribute => 0
fake-cuda: call cuDeviceGetAttribute => 0
fake-cuda: call cuDeviceGetAttribute => 0
fake-cuda: call cuDeviceGetAttribute => 0
fake-cuda: call cuDeviceGetAttribute => 0
fake-cuda: call cuDeviceGetAttribute => 0
fake-cuda: call cuDeviceGetAttribute => 0
fake-cuda: call cuDeviceGetAttribute => 0
fake-cuda: call cuDeviceGetAttribute => 0
fake-cuda: call cuDeviceGetUuid => 0
fake-cuda: call cuDeviceGetAttribute => 0
fake-cuda: call cuDeviceGetAttribute => 0
fake-cuda: call cuDeviceGetAttribute => 0
fake-cuda: call cuDeviceGetAttribute => 0
fake-cuda: call cuDeviceGetAttribute => 0
fake-cuda: call cuDeviceGetAttribute => 0
fake-cuda: call cuDeviceGetAttribute => 0
fake-cuda: call cuDeviceGetAttribute => 0
fake-cuda: call cuDeviceGetAttribute => 0
fake-cuda: call cuDeviceGetAttribute => 0
fake-cuda: call cuDeviceGetAttribute => 0
fake-cuda: call cuDeviceGetAttribute => 0
fake-cuda: call cuDeviceGetAttribute => 0
fake-cuda: call cuDeviceGetAttribute => 0
fake-cuda: call cuDeviceGetAttribute => 0
fake-cuda: call cuDeviceGetAttribute => 0
fake-cuda: call cuDeviceGetAttribute => 0
fake-cuda: call cuDeviceGetAttribute => 0
fake-cuda: call cuDeviceGetAttribute => 0
fake-cuda: call cuDeviceGetAttribute => 0
fake-cuda: call cuDeviceGetAttribute => 0
fake-cuda: call cuDeviceGetAttribute => 0
fake-cuda: call cuDeviceGetAttribute => 0
fake-cuda: call cuCtxGetDevice => 201
fake-cuda: call cuCtxGetCurrent => 0
fake-cuda: call cuCtxSetCurrent => 0
fake-cuda: call cuDevicePrimaryCtxRetain => 0
fake-cuda: call cuCtxGetCurrent => 0
fake-cuda: call cuCtxGetDevice => 0
fake-cuda: call cuCtxGetDevice => 0
fake-cuda: call cuCtxGetDevice => 0
fake-cuda: call cuStreamCreateWithPriority => 0
fake-cuda: call cuDevicePrimaryCtxGetState => 0
fake-cuda: call cuCtxGetDevice => 0
fake-cuda: call cuCtxGetDevice => 0
fake-cuda: call cuStreamCreateWithPriority => 0
fake-cuda: call cuDevicePrimaryCtxGetState => 0
fake-cuda: call cuCtxGetDevice => 0
fake-cuda: call cuCtxGetDevice => 0
fake-cuda: call cuStreamCreateWithPriority => 0
fake-cuda: call cuDevicePrimaryCtxGetState => 0
fake-cuda: call cuCtxGetDevice => 0
fake-cuda: call cuCtxGetDevice => 0
fake-cuda: call cuStreamCreateWithPriority => 0
fake-cuda: call cuDevicePrimaryCtxGetState => 0
fake-cuda: call cuCtxGetDevice => 0
fake-cuda: call cuCtxGetDevice => 0
fake-cuda: call cuStreamCreateWithPriority => 0
fake-cuda: call cuDevicePrimaryCtxGetState => 0
fake-cuda: call cuCtxGetDevice => 0
fake-cuda: call cuCtxGetDevice => 0
fake-cuda: call cuStreamCreateWithPriority => 0
fake-cuda: call cuDevicePrimaryCtxGetState => 0
fake-cuda: call cuCtxGetDevice => 0
fake-cuda: call cuCtxGetDevice => 0
fake-cuda: call cuStreamCreateWithPriority => 0
fake-cuda: call cuDevicePrimaryCtxGetState => 0
fake-cuda: call cuCtxGetDevice => 0
fake-cuda: call cuCtxGetDevice => 0
fake-cuda: call cuStreamCreateWithPriority => 0
fake-cuda: call cuDevicePrimaryCtxGetState => 0
fake-cuda: call cuCtxGetDevice => 0
fake-cuda: call cuCtxGetDevice => 0
fake-cuda: call cuStreamCreateWithPriority => 0
fake-cuda: call cuDevicePrimaryCtxGetState => 0
fake-cuda: call cuCtxGetDevice => 0
fake-cuda: call cuCtxGetDevice => 0
fake-cuda: call cuStreamCreateWithPriority => 0
fake-cuda: call cuDevicePrimaryCtxGetState => 0
fake-cuda: call cuCtxGetDevice => 0
fake-cuda: call cuCtxGetDevice => 0
fake-cuda: call cuStreamCreateWithPriority => 0
fake-cuda: call cuDevicePrimaryCtxGetState => 0
fake-cuda: call cuCtxGetDevice => 0
fake-cuda: call cuCtxGetDevice => 0
fake-cuda: call cuStreamCreateWithPriority => 0
fake-cuda: call cuDevicePrimaryCtxGetState => 0
fake-cuda: call cuCtxGetDevice => 0
fake-cuda: call cuCtxGetDevice => 0
fake-cuda: call cuStreamCreateWithPriority => 0
fake-cuda: call cuDevicePrimaryCtxGetState => 0
fake-cuda: call cuCtxGetDevice => 0
fake-cuda: call cuCtxGetDevice => 0
fake-cuda: call cuStreamCreateWithPriority => 0
fake-cuda: call cuDevicePrimaryCtxGetState => 0
fake-cuda: call cuCtxGetDevice => 0
fake-cuda: call cuCtxGetDevice => 0
fake-cuda: call cuStreamCreateWithPriority => 0
fake-cuda: call cuDevicePrimaryCtxGetState => 0
fake-cuda: call cuCtxGetDevice => 0
fake-cuda: call cuCtxGetDevice => 0
fake-cuda: call cuStreamCreateWithPriority => 0
fake-cuda: call cuDevicePrimaryCtxGetState => 0
fake-cuda: call cuCtxGetDevice => 0
fake-cuda: call cuCtxGetDevice => 0
fake-cuda: call cuStreamCreateWithPriority => 0
fake-cuda: call cuDevicePrimaryCtxGetState => 0
fake-cuda: call cuCtxGetDevice => 0
fake-cuda: call cuCtxGetDevice => 0
fake-cuda: call cuStreamCreateWithPriority => 0
fake-cuda: call cuDevicePrimaryCtxGetState => 0
fake-cuda: call cuCtxGetDevice => 0
fake-cuda: call cuCtxGetDevice => 0
fake-cuda: call cuStreamCreateWithPriority => 0
fake-cuda: call cuDevicePrimaryCtxGetState => 0
fake-cuda: call cuCtxGetDevice => 0
fake-cuda: call cuCtxGetDevice => 0
fake-cuda: call cuStreamCreateWithPriority => 0
fake-cuda: call cuDevicePrimaryCtxGetState => 0
fake-cuda: call cuCtxGetDevice => 0
fake-cuda: call cuCtxGetDevice => 0
fake-cuda: call cuStreamCreateWithPriority => 0
fake-cuda: call cuDevicePrimaryCtxGetState => 0
fake-cuda: call cuCtxGetDevice => 0
fake-cuda: call cuCtxGetDevice => 0
fake-cuda: call cuStreamCreateWithPriority => 0
fake-cuda: call cuDevicePrimaryCtxGetState => 0
fake-cuda: call cuCtxGetDevice => 0
fake-cuda: call cuCtxGetDevice => 0
fake-cuda: call cuStreamCreateWithPriority => 0
fake-cuda: call cuDevicePrimaryCtxGetState => 0
fake-cuda: call cuCtxGetDevice => 0
fake-cuda: call cuCtxGetDevice => 0
fake-cuda: call cuStreamCreateWithPriority => 0
fake-cuda: call cuDevicePrimaryCtxGetState => 0
fake-cuda: call cuCtxGetDevice => 0
fake-cuda: call cuCtxGetDevice => 0
fake-cuda: call cuStreamCreateWithPriority => 0
fake-cuda: call cuDevicePrimaryCtxGetState => 0
fake-cuda: call cuCtxGetDevice => 0
fake-cuda: call cuCtxGetDevice => 0
fake-cuda: call cuStreamCreateWithPriority => 0
fake-cuda: call cuDevicePrimaryCtxGetState => 0
fake-cuda: call cuCtxGetDevice => 0
fake-cuda: call cuCtxGetDevice => 0
fake-cuda: call cuStreamCreateWithPriority => 0
fake-cuda: call cuDevicePrimaryCtxGetState => 0
fake-cuda: call cuCtxGetDevice => 0
fake-cuda: call cuCtxGetDevice => 0
fake-cuda: call cuStreamCreateWithPriority => 0
fake-cuda: call cuDevicePrimaryCtxGetState => 0
fake-cuda: call cuCtxGetDevice => 0
fake-cuda: call cuCtxGetDevice => 0
fake-cuda: call cuStreamCreateWithPriority => 0
fake-cuda: call cuDevicePrimaryCtxGetState => 0
fake-cuda: call cuCtxGetDevice => 0
fake-cuda: call cuCtxGetDevice => 0
fake-cuda: call cuStreamCreateWithPriority => 0
fake-cuda: call cuDevicePrimaryCtxGetState => 0
fake-cuda: call cuCtxGetDevice => 0
fake-cuda: call cuCtxGetDevice => 0
fake-cuda: call cuStreamCreateWithPriority => 0
fake-cuda: call cuDevicePrimaryCtxGetState => 0
fake-cuda: call cuCtxGetDevice => 0
fake-cuda: call cuCtxGetDevice => 0
fake-cuda: call cuStreamCreateWithPriority => 0
fake-cuda: call cuDevicePrimaryCtxGetState => 0
fake-cuda: call cuCtxGetDevice => 0
fake-cuda: call cuCtxGetDevice => 0
fake-cuda: call cuStreamCreateWithPriority => 0
fake-cuda: call cuDevicePrimaryCtxGetState => 0
fake-cuda: call cuCtxGetDevice => 0
fake-cuda: call cuCtxGetDevice => 0
fake-cuda: call cuStreamCreateWithPriority => 0
fake-cuda: call cuDevicePrimaryCtxGetState => 0
fake-cuda: call cuCtxGetDevice => 0
fake-cuda: call cuCtxGetDevice => 0
fake-cuda: call cuStreamCreateWithPriority => 0
fake-cuda: call cuDevicePrimaryCtxGetState => 0
fake-cuda: call cuCtxGetDevice => 0
fake-cuda: call cuCtxGetDevice => 0
fake-cuda: call cuStreamCreateWithPriority => 0
fake-cuda: call cuDevicePrimaryCtxGetState => 0
fake-cuda: call cuCtxGetDevice => 0
fake-cuda: call cuCtxGetDevice => 0
fake-cuda: call cuStreamCreateWithPriority => 0
fake-cuda: call cuDevicePrimaryCtxGetState => 0
fake-cuda: call cuCtxGetDevice => 0
fake-cuda: call cuCtxGetDevice => 0
fake-cuda: call cuStreamCreateWithPriority => 0
fake-cuda: call cuDevicePrimaryCtxGetState => 0
fake-cuda: call cuCtxGetDevice => 0
fake-cuda: call cuCtxGetDevice => 0
fake-cuda: call cuStreamCreateWithPriority => 0
fake-cuda: call cuDevicePrimaryCtxGetState => 0
fake-cuda: call cuCtxGetDevice => 0
fake-cuda: call cuCtxGetDevice => 0
fake-cuda: call cuStreamCreateWithPriority => 0
fake-cuda: call cuDevicePrimaryCtxGetState => 0
fake-cuda: call cuCtxGetDevice => 0
fake-cuda: call cuCtxGetDevice => 0
fake-cuda: call cuStreamCreateWithPriority => 0
fake-cuda: call cuDevicePrimaryCtxGetState => 0
fake-cuda: call cuCtxGetDevice => 0
fake-cuda: call cuCtxGetDevice => 0
fake-cuda: call cuStreamCreateWithPriority => 0
fake-cuda: call cuDevicePrimaryCtxGetState => 0
fake-cuda: call cuCtxGetDevice => 0
fake-cuda: call cuCtxGetDevice => 0
fake-cuda: call cuStreamCreateWithPriority => 0
fake-cuda: call cuDevicePrimaryCtxGetState => 0
fake-cuda: call cuCtxGetDevice => 0
fake-cuda: call cuCtxGetDevice => 0
fake-cuda: call cuStreamCreateWithPriority => 0
fake-cuda: call cuDevicePrimaryCtxGetState => 0
fake-cuda: call cuCtxGetDevice => 0
fake-cuda: call cuCtxGetDevice => 0
fake-cuda: call cuStreamCreateWithPriority => 0
fake-cuda: call cuDevicePrimaryCtxGetState => 0
fake-cuda: call cuCtxGetDevice => 0
fake-cuda: call cuCtxGetDevice => 0
fake-cuda: call cuStreamCreateWithPriority => 0
fake-cuda: call cuDevicePrimaryCtxGetState => 0
fake-cuda: call cuCtxGetDevice => 0
fake-cuda: call cuCtxGetDevice => 0
fake-cuda: call cuStreamCreateWithPriority => 0
fake-cuda: call cuDevicePrimaryCtxGetState => 0
fake-cuda: call cuCtxGetDevice => 0
fake-cuda: call cuCtxGetDevice => 0
fake-cuda: call cuStreamCreateWithPriority => 0
fake-cuda: call cuDevicePrimaryCtxGetState => 0
fake-cuda: call cuCtxGetDevice => 0
fake-cuda: call cuCtxGetDevice => 0
fake-cuda: call cuStreamCreateWithPriority => 0
fake-cuda: call cuDevicePrimaryCtxGetState => 0
fake-cuda: call cuCtxGetDevice => 0
fake-cuda: call cuCtxGetDevice => 0
fake-cuda: call cuStreamCreateWithPriority => 0
fake-cuda: call cuDevicePrimaryCtxGetState => 0
fake-cuda: call cuCtxGetDevice => 0
fake-cuda: call cuCtxGetDevice => 0
fake-cuda: call cuStreamCreateWithPriority => 0
fake-cuda: call cuDevicePrimaryCtxGetState => 0
fake-cuda: call cuCtxGetDevice => 0
fake-cuda: call cuCtxGetDevice => 0
fake-cuda: call cuStreamCreateWithPriority => 0
fake-cuda: call cuDevicePrimaryCtxGetState => 0
fake-cuda: call cuCtxGetDevice => 0
fake-cuda: call cuCtxGetDevice => 0
fake-cuda: call cuStreamCreateWithPriority => 0
fake-cuda: call cuDevicePrimaryCtxGetState => 0
fake-cuda: call cuCtxGetDevice => 0
fake-cuda: call cuCtxGetDevice => 0
fake-cuda: call cuStreamCreateWithPriority => 0
fake-cuda: call cuDevicePrimaryCtxGetState => 0
fake-cuda: call cuCtxGetDevice => 0
fake-cuda: call cuCtxGetDevice => 0
fake-cuda: call cuStreamCreateWithPriority => 0
fake-cuda: call cuDevicePrimaryCtxGetState => 0
fake-cuda: call cuCtxGetDevice => 0
fake-cuda: call cuCtxGetDevice => 0
fake-cuda: call cuStreamCreateWithPriority => 0
fake-cuda: call cuDevicePrimaryCtxGetState => 0
fake-cuda: call cuCtxGetDevice => 0
fake-cuda: call cuCtxGetDevice => 0
fake-cuda: call cuStreamCreateWithPriority => 0
fake-cuda: call cuDevicePrimaryCtxGetState => 0
fake-cuda: call cuCtxGetDevice => 0
fake-cuda: call cuCtxGetDevice => 0
fake-cuda: call cuStreamCreateWithPriority => 0
fake-cuda: call cuDevicePrimaryCtxGetState => 0
fake-cuda: call cuCtxGetDevice => 0
fake-cuda: call cuCtxGetDevice => 0
fake-cuda: call cuStreamCreateWithPriority => 0
fake-cuda: call cuDevicePrimaryCtxGetState => 0
fake-cuda: call cuCtxGetDevice => 0
fake-cuda: call cuCtxGetDevice => 0
fake-cuda: call cuStreamCreateWithPriority => 0
fake-cuda: call cuDevicePrimaryCtxGetState => 0
fake-cuda: call cuCtxGetDevice => 0
fake-cuda: call cuCtxGetDevice => 0
fake-cuda: call cuStreamCreateWithPriority => 0
fake-cuda: call cuDevicePrimaryCtxGetState => 0
fake-cuda: call cuCtxGetDevice => 0
fake-cuda: call cuCtxGetDevice => 0
fake-cuda: call cuStreamCreateWithPriority => 0
fake-cuda: call cuDevicePrimaryCtxGetState => 0
fake-cuda: call cuCtxGetDevice => 0
fake-cuda: call cuCtxGetDevice => 0
fake-cuda: call cuStreamCreateWithPriority => 0
fake-cuda: call cuDevicePrimaryCtxGetState => 0
fake-cuda: call cuCtxGetDevice => 0
fake-cuda: call cuCtxGetDevice => 0
fake-cuda: call cuStreamCreateWithPriority => 0
fake-cuda: call cuDevicePrimaryCtxGetState => 0
fake-cuda: call cuCtxGetDevice => 0
fake-cuda: call cuCtxGetDevice => 0
fake-cuda: call cuCtxGetDevice => 0
fake-cuda: call cuCtxGetDevice => 0
fake-cuda: call cuDevicePrimaryCtxGetState => 0
fake-cuda: call cuCtxGetDevice => 0
fake-cuda: call cuStreamIsCapturing => 0
fake-cuda: call cuCtxGetDevice => 0
fake-cuda: call cuDevicePrimaryCtxGetState => 0
fake-cuda: call cuCtxGetDevice => 0
fake-cuda: call cuStreamIsCapturing => 0
fake-cuda: call cuCtxGetDevice => 0
fake-cuda: call cuDevicePrimaryCtxGetState => 0
fake-cuda: call cuCtxGetDevice => 0
fake-cuda: call cuStreamGetCaptureInfo_v2 => 0
fake-cuda: call cuCtxGetDevice => 0
fake-cuda: call cuCtxGetDevice => 0
fake-cuda: call cuCtxGetDevice => 0
fake-cuda: call cuCtxGetDevice => 0
fake-cuda: call cuStreamIsCapturing => 0
fake-cuda: call cuMemAlloc_v2 => 0
fake-cuda: call cuDevicePrimaryCtxGetState => 0
fake-cuda: call cuCtxGetDevice => 0
fake-cuda: call cuDevicePrimaryCtxGetState => 0
fake-cuda: call cuCtxGetDevice => 0
fake-cuda: call cuCtxGetDevice => 0
fake-cuda: call cuCtxGetDevice => 0
fake-cuda: call cuCtxGetDevice => 0
fake-cuda: call cuDevicePrimaryCtxGetState => 0
fake-cuda: call cuCtxGetDevice => 0
fake-cuda: call cuDevicePrimaryCtxGetState => 0
fake-cuda: call cuCtxGetDevice => 0
fake-cuda: call cuCtxGetDevice => 0
fake-cuda: call cuCtxGetDevice => 0
fake-cuda: call cuCtxGetDevice => 0
fake-cuda: call cuDevicePrimaryCtxGetState => 0
fake-cuda: call cuCtxGetDevice => 0
fake-cuda: call cuDevicePrimaryCtxGetState => 0
fake-cuda: call cuCtxGetDevice => 0
fake-cuda: call cuCtxGetDevice => 0
fake-cuda: call cuCtxGetDevice => 0
fake-cuda: call cuCtxGetDevice => 0
fake-cuda: call cuCtxGetDevice => 0
fake-cuda: call cuCtxGetDevice => 0
fake-cuda: call cuCtxGetDevice => 0
fake-cuda: call cuCtxGetDevice => 0
fake-cuda: call cuLibraryLoadData => 0
fake-cuda: call cuLibraryGetKernel => 0
fake-cuda: call cuLaunchKernel => 0
fake-cuda: call cuDevicePrimaryCtxGetState => 0
fake-cuda: call cuCtxGetDevice => 0
fake-cuda: call cuCtxGetDevice => 0
fake-cuda: call cuCtxGetDevice => 0
fake-cuda: call cuCtxGetDevice => 0
fake-cuda: call cuEventCreate => 0
fake-cuda: call cuDevicePrimaryCtxGetState => 0
fake-cuda: call cuCtxGetDevice => 0
fake-cuda: call cuCtxGetDevice => 0
fake-cuda: call cuCtxGetDevice => 0
fake-cuda: call cuStreamIsCapturing => 0
fake-cuda: call cuDevicePrimaryCtxGetState => 0
fake-cuda: call cuCtxGetDevice => 0
fake-cuda: call cuCtxGetDevice => 0
fake-cuda: call cuCtxGetDevice => 0
fake-cuda: call cuCtxGetDevice => 0
fake-cuda: call cuCtxGetDevice => 0
fake-cuda: call cuCtxGetDevice => 0
fake-cuda: call cuCtxGetDevice => 0
fake-cuda: call cuCtxGetDevice => 0
fake-cuda: call cuStreamIsCapturing => 0
fake-cuda: call cuStreamWaitEvent => 0
fake-cuda: call cuDevicePrimaryCtxGetState => 0
fake-cuda: call cuCtxGetDevice => 0
fake-cuda: call cuCtxGetDevice => 0
fake-cuda: call cuCtxGetDevice => 0
fake-cuda: call cuMemcpyDtoDAsync_v2 => 0
fake-cuda: call cuDevicePrimaryCtxGetState => 0
fake-cuda: call cuCtxGetDevice => 0
fake-cuda: call cuDevicePrimaryCtxGetState => 0
fake-cuda: call cuCtxGetDevice => 0
fake-cuda: call cuCtxGetDevice => 0
fake-cuda: call cuCtxGetDevice => 0
fake-cuda: call cuCtxGetDevice => 0
fake-cuda: call cuEventCreate => 0
fake-cuda: call cuDevicePrimaryCtxGetState => 0
fake-cuda: call cuCtxGetDevice => 0
fake-cuda: call cuCtxGetDevice => 0
fake-cuda: call cuCtxGetDevice => 0
fake-cuda: call cuStreamIsCapturing => 0
fake-cuda: call cuDevicePrimaryCtxGetState => 0
fake-cuda: call cuCtxGetDevice => 0
fake-cuda: call cuCtxGetDevice => 0
fake-cuda: call cuCtxGetDevice => 0
fake-cuda: call cuCtxGetDevice => 0
fake-cuda: call cuStreamIsCapturing => 0
fake-cuda: call cuStreamWaitEvent => 0
fake-cuda: call cuDevicePrimaryCtxGetState => 0
fake-cuda: call cuCtxGetDevice => 0
fake-cuda: call cuCtxGetDevice => 0
fake-cuda: call cuStreamSynchronize => 0
fake-cuda: call cuDevicePrimaryCtxGetState => 0
fake-cuda: call cuCtxGetDevice => 0
fake-cuda: call cuCtxGetDevice => 0
fake-cuda: call cuCtxGetDevice => 0
fake-cuda: call cuCtxGetDevice => 0
fake-cuda: call cuCtxGetDevice => 0
fake-cuda: call cuCtxGetDevice => 0
fake-cuda: call cuCtxGetDevice => 0
fake-cuda: call cuCtxGetDevice => 0
fake-cuda: call cuCtxGetDevice => 0
fake-cuda: call cuStreamBeginCapture_v2 => 0
fake-cuda: call cuStreamGetCaptureInfo_v2 => 0
fake-cuda: call cuThreadExchangeStreamCaptureMode => 0
fake-cuda: call cuCtxGetDevice => 0
fake-cuda: call cuCtxGetDevice => 0
fake-cuda: call cuCtxGetDevice => 0
fake-cuda: call cuCtxGetDevice => 0
fake-cuda: call cuCtxGetDevice => 0
fake-cuda: call cuStreamGetCaptureInfo_v2 => 0
fake-cuda: call cuStreamGetCaptureInfo_v2 => 0
fake-cuda: call cuDevicePrimaryCtxGetState => 0
fake-cuda: call cuCtxGetDevice => 0
fake-cuda: call cuDevicePrimaryCtxGetState => 0
fake-cuda: call cuCtxGetDevice => 0
fake-cuda: call cuCtxGetDevice => 0
fake-cuda: call cuCtxGetDevice => 0
fake-cuda: call cuCtxGetDevice => 0
fake-cuda: call cuStreamGetCaptureInfo_v2 => 0
fake-cuda: call cuStreamGetCaptureInfo_v2 => 0
fake-cuda: call cuDevicePrimaryCtxGetState => 0
fake-cuda: call cuCtxGetDevice => 0
fake-cuda: call cuDevicePrimaryCtxGetState => 0
fake-cuda: call cuCtxGetDevice => 0
fake-cuda: call cuCtxGetDevice => 0
fake-cuda: call cuCtxGetDevice => 0
fake-cuda: call cuStreamSynchronize => 0
fake-cuda: call cuDevicePrimaryCtxGetState => 0
fake-cuda: call cuCtxGetDevice => 0
fake-cuda: call cuDevicePrimaryCtxGetState => 0
fake-cuda: call cuCtxGetDevice => 0
fake-cuda: call cuThreadExchangeStreamCaptureMode => 0
fake-cuda: call cuCtxGetDevice => 0
fake-cuda: call cuCtxGetDevice => 0
fake-cuda: call cuLaunchKernel => 0
fake-cuda: call cuDevicePrimaryCtxGetState => 0
fake-cuda: call cuCtxGetDevice => 0
fake-cuda: call cuCtxGetDevice => 0
fake-cuda: call cuCtxGetDevice => 0
fake-cuda: call cuCtxGetDevice => 0
fake-cuda: call cuCtxGetDevice => 0
fake-cuda: call cuStreamIsCapturing => 0
fake-cuda: call cuDevicePrimaryCtxGetState => 0
fake-cuda: call cuCtxGetDevice => 0
fake-cuda: call cuCtxGetDevice => 0
fake-cuda: call cuCtxGetDevice => 0
fake-cuda: call cuCtxGetDevice => 0
fake-cuda: call cuCtxGetDevice => 0
fake-cuda: call cuCtxGetDevice => 0
fake-cuda: call cuCtxGetDevice => 0
fake-cuda: call cuCtxGetDevice => 0
fake-cuda: call cuStreamIsCapturing => 0
fake-cuda: call cuStreamWaitEvent => 0
fake-cuda: call cuDevicePrimaryCtxGetState => 0
fake-cuda: call cuCtxGetDevice => 0
fake-cuda: call cuCtxGetDevice => 0
fake-cuda: call cuCtxGetDevice => 0
fake-cuda: call cuMemcpyDtoDAsync_v2 => 0
fake-cuda: call cuDevicePrimaryCtxGetState => 0
fake-cuda: call cuCtxGetDevice => 0
fake-cuda: call cuDevicePrimaryCtxGetState => 0
fake-cuda: call cuCtxGetDevice => 0
fake-cuda: call cuCtxGetDevice => 0
fake-cuda: call cuCtxGetDevice => 0
fake-cuda: call cuCtxGetDevice => 0
fake-cuda: call cuCtxGetDevice => 0
fake-cuda: call cuStreamIsCapturing => 0
fake-cuda: call cuDevicePrimaryCtxGetState => 0
fake-cuda: call cuCtxGetDevice => 0
fake-cuda: call cuCtxGetDevice => 0
fake-cuda: call cuCtxGetDevice => 0
fake-cuda: call cuCtxGetDevice => 0
fake-cuda: call cuCtxGetDevice => 0
fake-cuda: call cuCtxGetDevice => 0
fake-cuda: call cuCtxGetDevice => 0
fake-cuda: call cuCtxGetDevice => 0
fake-cuda: call cuStreamIsCapturing => 0
fake-cuda: call cuStreamWaitEvent => 0
fake-cuda: call cuDevicePrimaryCtxGetState => 0
fake-cuda: call cuCtxGetDevice => 0
fake-cuda: call cuCtxGetDevice => 0
fake-cuda: call cuStreamEndCapture => 0
fake-cuda: call cuGraphGetNodes => 0
fake-cuda: call cuGraphInstantiateWithFlags => 0
fake-cuda: call cuGraphDestroy => 0
fake-cuda: call cuCtxGetDevice => 0
fake-cuda: call cuCtxGetDevice => 0
fake-cuda: call cuCtxGetDevice => 0
fake-cuda: call cuCtxGetDevice => 0
fake-cuda: call cuCtxGetDevice => 0
fake-cuda: call cuCtxGetDevice => 0
fake-cuda: call cuCtxGetDevice => 0
fake-cuda: call cuGraphLaunch => 0
fake-cuda: call cuDevicePrimaryCtxGetState => 0
fake-cuda: call cuCtxGetDevice => 0
fake-cuda: call cuCtxGetDevice => 0
fake-cuda: call cuCtxGetDevice => 0
fake-cuda: call cuCtxGetDevice => 0
fake-cuda: call cuEventCreate => 0
fake-cuda: call cuDevicePrimaryCtxGetState => 0
fake-cuda: call cuCtxGetDevice => 0
fake-cuda: call cuCtxGetDevice => 0
fake-cuda: call cuCtxGetDevice => 0
fake-cuda: call cuStreamIsCapturing => 0
fake-cuda: call cuDevicePrimaryCtxGetState => 0
fake-cuda: call cuCtxGetDevice => 0
fake-cuda: call cuCtxGetDevice => 0
fake-cuda: call cuEventSynchronize => 0
fake-cuda: call cuEventQuery => 0
fake-cuda: call cuCtxGetDevice => 0
fake-cuda: call cuCtxGetDevice => 0
fake-cuda: call cuCtxGetDevice => 0
fake-cuda: call cuCtxGetDevice => 0
fake-cuda: call cuCtxGetDevice => 0
fake-cuda: call cuCtxGetDevice => 0
fake-cuda: call cuGraphLaunch => 0
fake-cuda: call cuDevicePrimaryCtxGetState => 0
fake-cuda: call cuCtxGetDevice => 0
fake-cuda: call cuCtxGetDevice => 0
fake-cuda: call cuEventDestroy_v2 => 0
fake-cuda: call cuDevicePrimaryCtxGetState => 0
fake-cuda: call cuCtxGetDevice => 0
fake-cuda: call cuCtxGetDevice => 0
fake-cuda: call cuCtxGetDevice => 0
fake-cuda: call cuCtxGetDevice => 0
fake-cuda: call cuEventCreate => 0
fake-cuda: call cuDevicePrimaryCtxGetState => 0
fake-cuda: call cuCtxGetDevice => 0
fake-cuda: call cuCtxGetDevice => 0
fake-cuda: call cuCtxGetDevice => 0
fake-cuda: call cuStreamIsCapturing => 0
fake-cuda: call cuDevicePrimaryCtxGetState => 0
fake-cuda: call cuCtxGetDevice => 0
fake-cuda: call cuCtxGetDevice => 0
fake-cuda: call cuEventSynchronize => 0
fake-cuda: call cuEventQuery => 0
fake-cuda: call cuCtxGetDevice => 0
fake-cuda: call cuCtxGetDevice => 0
fake-cuda: call cuCtxGetDevice => 0
fake-cuda: call cuCtxGetDevice => 0
fake-cuda: call cuCtxGetDevice => 0
fake-cuda: call cuCtxGetDevice => 0
fake-cuda: call cuGraphLaunch => 0
fake-cuda: call cuDevicePrimaryCtxGetState => 0
fake-cuda: call cuCtxGetDevice => 0
fake-cuda: call cuCtxGetDevice => 0
fake-cuda: call cuEventDestroy_v2 => 0
fake-cuda: call cuDevicePrimaryCtxGetState => 0
fake-cuda: call cuCtxGetDevice => 0
fake-cuda: call cuCtxGetDevice => 0
fake-cuda: call cuCtxGetDevice => 0
fake-cuda: call cuCtxGetDevice => 0
fake-cuda: call cuEventCreate => 0
fake-cuda: call cuDevicePrimaryCtxGetState => 0
fake-cuda: call cuCtxGetDevice => 0
fake-cuda: call cuCtxGetDevice => 0
fake-cuda: call cuCtxGetDevice => 0
fake-cuda: call cuStreamIsCapturing => 0
fake-cuda: call cuDevicePrimaryCtxGetState => 0
fake-cuda: call cuCtxGetDevice => 0
fake-cuda: call cuCtxGetDevice => 0
fake-cuda: call cuEventSynchronize => 0
fake-cuda: call cuEventQuery => 0
fake-cuda: call cuCtxGetDevice => 0
fake-cuda: call cuCtxGetDevice => 0
fake-cuda: call cuCtxGetDevice => 0
fake-cuda: call cuCtxGetDevice => 0
fake-cuda: call cuCtxGetDevice => 0
fake-cuda: call cuCtxGetDevice => 0
fake-cuda: call cuGraphLaunch => 0
fake-cuda: call cuDevicePrimaryCtxGetState => 0
fake-cuda: call cuCtxGetDevice => 0
fake-cuda: call cuCtxGetDevice => 0
fake-cuda: call cuEventDestroy_v2 => 0
fake-cuda: call cuDevicePrimaryCtxGetState => 0
fake-cuda: call cuCtxGetDevice => 0
fake-cuda: call cuCtxGetDevice => 0
fake-cuda: call cuCtxGetDevice => 0
fake-cuda: call cuCtxGetDevice => 0
fake-cuda: call cuEventCreate => 0
fake-cuda: call cuDevicePrimaryCtxGetState => 0
fake-cuda: call cuCtxGetDevice => 0
fake-cuda: call cuCtxGetDevice => 0
fake-cuda: call cuCtxGetDevice => 0
fake-cuda: call cuStreamIsCapturing => 0
fake-cuda: call cuDevicePrimaryCtxGetState => 0
fake-cuda: call cuCtxGetDevice => 0
fake-cuda: call cuCtxGetDevice => 0
fake-cuda: call cuEventSynchronize => 0
fake-cuda: call cuEventQuery => 0
{"mode": "fake", "torch": "2.13.0+cu130", "cuda": "13.0", "kernel": "add", "replays": 4, "cross_stream_capture": "PASS", "numerical_checks": "NOT_APPLICABLE", "status": "PASS"}
fake-cuda: call cuCtxGetDevice => 0
fake-cuda: call cuEventDestroy_v2 => 0
fake-cuda: call cuDevicePrimaryCtxGetState => 0
fake-cuda: call cuCtxGetDevice => 0
fake-cuda: call cuCtxGetDevice => 0
fake-cuda: call cuEventDestroy_v2 => 0
fake-cuda: call cuDevicePrimaryCtxGetState => 0
fake-cuda: call cuCtxGetDevice => 0
fake-cuda: call cuGraphExecDestroy => 0
fake-cuda: call cuCtxGetDevice => 0
fake-cuda: call cuEventDestroy_v2 => 0
fake-cuda: call cuDevicePrimaryCtxGetState => 0
fake-cuda: call cuCtxGetDevice => 0
fake-cuda: call cuLibraryUnload => 0
fake-cuda: call cuDevicePrimaryCtxRelease_v2 => 0
