fake-cuda: resolve : no
fake-cuda: resolve cuInit: yes
fake-cuda: resolve cuGetProcAddress: yes
fake-cuda: resolve cuGetProcAddress: yes
fake-cuda: resolve cuDeviceGet: yes
fake-cuda: resolve cuDeviceGetCount: yes
fake-cuda: resolve cuDeviceGetName: yes
fake-cuda: resolve cuDeviceTotalMem: yes
fake-cuda: resolve cuDeviceGetAttribute: yes
fake-cuda: resolve cuDeviceGetP2PAttribute: no
fake-cuda: resolve cuDeviceGetHostAtomicCapabilities: no
fake-cuda: resolve cuDeviceGetP2PAtomicCapabilities: no
fake-cuda: resolve cuDriverGetVersion: yes
fake-cuda: resolve cuDeviceGetByPCIBusId: no
fake-cuda: resolve cuDeviceGetPCIBusId: no
fake-cuda: resolve cuDeviceGetUuid: yes
fake-cuda: resolve cuDeviceGetTexture1DLinearMaxWidth: no
fake-cuda: resolve cuDeviceGetDefaultMemPool: no
fake-cuda: resolve cuDeviceSetMemPool: no
fake-cuda: resolve cuDeviceGetMemPool: no
fake-cuda: resolve cuFlushGPUDirectRDMAWrites: no
fake-cuda: resolve cuDevicePrimaryCtxRetain: yes
fake-cuda: resolve cuDevicePrimaryCtxRelease: yes
fake-cuda: resolve cuDevicePrimaryCtxSetFlags: yes
fake-cuda: resolve cuDevicePrimaryCtxGetState: yes
fake-cuda: resolve cuDevicePrimaryCtxReset: yes
fake-cuda: resolve cuCtxCreate: yes
fake-cuda: resolve cuCtxGetFlags: yes
fake-cuda: resolve cuCtxSetCurrent: yes
fake-cuda: resolve cuCtxGetCurrent: yes
fake-cuda: resolve cuCtxDetach: no
fake-cuda: resolve cuCtxGetApiVersion: yes
fake-cuda: resolve cuCtxGetDevice: yes
fake-cuda: resolve cuCtxGetDevice: yes
fake-cuda: resolve cuCtxGetLimit: no
fake-cuda: resolve cuCtxSetLimit: no
fake-cuda: resolve cuCtxGetCacheConfig: no
fake-cuda: resolve cuCtxSetCacheConfig: no
fake-cuda: resolve cuCtxGetSharedMemConfig: no
fake-cuda: resolve cuCtxGetStreamPriorityRange: yes
fake-cuda: resolve cuCtxSetSharedMemConfig: no
fake-cuda: resolve cuCtxSynchronize: yes
fake-cuda: resolve cuCtxSynchronize: yes
fake-cuda: resolve cuCtxResetPersistingL2Cache: no
fake-cuda: resolve cuCtxPopCurrent: yes
fake-cuda: resolve cuCtxPushCurrent: yes
fake-cuda: resolve cuModuleLoad: no
fake-cuda: resolve cuModuleLoadData: yes
fake-cuda: resolve cuModuleLoadFatBinary: no
fake-cuda: resolve cuModuleUnload: yes
fake-cuda: resolve cuModuleGetFunction: yes
fake-cuda: resolve cuModuleGetGlobal: no
fake-cuda: resolve cuModuleGetTexRef: no
fake-cuda: resolve cuModuleGetSurfRef: no
fake-cuda: resolve cuModuleGetLoadingMode: yes
fake-cuda: resolve cuLibraryLoadData: yes
fake-cuda: resolve cuLibraryLoadFromFile: no
fake-cuda: resolve cuLibraryUnload: yes
fake-cuda: resolve cuLibraryGetKernel: yes
fake-cuda: resolve cuLibraryGetModule: yes
fake-cuda: resolve cuKernelGetFunction: yes
fake-cuda: resolve cuLibraryGetGlobal: no
fake-cuda: resolve cuLibraryGetManaged: no
fake-cuda: resolve cuLibraryGetUnifiedFunction: no
fake-cuda: resolve cuLibraryGetKernelCount: no
fake-cuda: resolve cuLibraryEnumerateKernels: no
fake-cuda: resolve cuKernelGetAttribute: no
fake-cuda: resolve cuKernelSetAttribute: no
fake-cuda: resolve cuKernelSetCacheConfig: no
fake-cuda: resolve cuKernelGetName: no
fake-cuda: resolve cuKernelGetParamInfo: no
fake-cuda: resolve cuLinkCreate: no
fake-cuda: resolve cuLinkAddData: no
fake-cuda: resolve cuLinkAddFile: no
fake-cuda: resolve cuLinkComplete: no
fake-cuda: resolve cuLinkDestroy: no
fake-cuda: resolve cuMemGetInfo: yes
fake-cuda: resolve cuMemAllocManaged: no
fake-cuda: resolve cuMemAlloc: yes
fake-cuda: resolve cuMemAllocPitch: no
fake-cuda: resolve cuMemFree: yes
fake-cuda: resolve cuMemGetAddressRange: no
fake-cuda: resolve cuMemFreeHost: no
fake-cuda: resolve cuMemHostAlloc: no
fake-cuda: resolve cuMemHostGetDevicePointer: no
fake-cuda: resolve cuMemHostGetFlags: no
fake-cuda: resolve cuMemHostRegister: no
fake-cuda: resolve cuMemHostUnregister: no
fake-cuda: resolve cuPointerGetAttribute: yes
fake-cuda: resolve cuPointerGetAttributes: no
fake-cuda: resolve cuMemAllocAsync: yes
fake-cuda: resolve cuMemAllocAsync: yes
fake-cuda: resolve cuMemAllocFromPoolAsync: no
fake-cuda: resolve cuMemAllocFromPoolAsync: no
fake-cuda: resolve cuMemFreeAsync: yes
fake-cuda: resolve cuMemFreeAsync: yes
fake-cuda: resolve cuMemPoolTrimTo: no
fake-cuda: resolve cuMemPoolSetAttribute: no
fake-cuda: resolve cuMemPoolGetAttribute: no
fake-cuda: resolve cuMemPoolSetAccess: no
fake-cuda: resolve cuMemPoolGetAccess: no
fake-cuda: resolve cuMemPoolCreate: no
fake-cuda: resolve cuMemPoolDestroy: no
fake-cuda: resolve cuMemPoolExportToShareableHandle: no
fake-cuda: resolve cuMemPoolImportFromShareableHandle: no
fake-cuda: resolve cuMemPoolExportPointer: no
fake-cuda: resolve cuMemPoolImportPointer: no
fake-cuda: resolve cuMemGetDefaultMemPool: no
fake-cuda: resolve cuMemGetMemPool: no
fake-cuda: resolve cuMemSetMemPool: no
fake-cuda: resolve cuMemcpy: no
fake-cuda: resolve cuMemcpy: no
fake-cuda: resolve cuMemcpyAsync: no
fake-cuda: resolve cuMemcpyAsync: no
fake-cuda: resolve cuMemcpyPeer: yes
fake-cuda: resolve cuMemcpyPeer: yes
fake-cuda: resolve cuMemcpyPeerAsync: yes
fake-cuda: resolve cuMemcpyPeerAsync: yes
fake-cuda: resolve cuMemcpyHtoD: yes
fake-cuda: resolve cuMemcpyHtoD: yes
fake-cuda: resolve cuMemcpyHtoDAsync: yes
fake-cuda: resolve cuMemcpyHtoDAsync: yes
fake-cuda: resolve cuMemcpyDtoH: yes
fake-cuda: resolve cuMemcpyDtoH: yes
fake-cuda: resolve cuMemcpyDtoHAsync: yes
fake-cuda: resolve cuMemcpyDtoHAsync: yes
fake-cuda: resolve cuMemcpyDtoD: yes
fake-cuda: resolve cuMemcpyDtoD: yes
fake-cuda: resolve cuMemcpyDtoDAsync: yes
fake-cuda: resolve cuMemcpyDtoDAsync: yes
fake-cuda: resolve cuMemcpy2DUnaligned: no
fake-cuda: resolve cuMemcpy2DUnaligned: no
fake-cuda: resolve cuMemcpy2DAsync: no
fake-cuda: resolve cuMemcpy2DAsync: no
fake-cuda: resolve cuMemcpy3D: no
fake-cuda: resolve cuMemcpy3D: no
fake-cuda: resolve cuMemcpy3DAsync: no
fake-cuda: resolve cuMemcpy3DAsync: no
fake-cuda: resolve cuMemcpy3DPeer: no
fake-cuda: resolve cuMemcpy3DPeer: no
fake-cuda: resolve cuMemcpy3DPeerAsync: no
fake-cuda: resolve cuMemcpy3DPeerAsync: no
fake-cuda: resolve cuMemcpyBatchAsync: no
fake-cuda: resolve cuMemcpyBatchAsync: no
fake-cuda: resolve cuMemcpy3DBatchAsync: no
fake-cuda: resolve cuMemcpy3DBatchAsync: no
fake-cuda: resolve cuMemcpyBatchAsync: no
fake-cuda: resolve cuMemcpyBatchAsync: no
fake-cuda: resolve cuMemcpy3DBatchAsync: no
fake-cuda: resolve cuMemcpy3DBatchAsync: no
fake-cuda: resolve cuMemsetD8: yes
fake-cuda: resolve cuMemsetD8: yes
fake-cuda: resolve cuMemsetD8Async: yes
fake-cuda: resolve cuMemsetD8Async: yes
fake-cuda: resolve cuMemsetD2D8: no
fake-cuda: resolve cuMemsetD2D8: no
fake-cuda: resolve cuMemsetD2D8Async: no
fake-cuda: resolve cuMemsetD2D8Async: no
fake-cuda: resolve cuFuncSetCacheConfig: no
fake-cuda: resolve cuFuncSetSharedMemConfig: no
fake-cuda: resolve cuFuncGetAttribute: no
fake-cuda: resolve cuFuncSetAttribute: no
fake-cuda: resolve cuFuncGetName: no
fake-cuda: resolve cuFuncGetParamInfo: no
fake-cuda: resolve cuArrayCreate: no
fake-cuda: resolve cuArrayGetDescriptor: no
fake-cuda: resolve cuArrayGetSparseProperties: no
fake-cuda: resolve cuArrayGetPlane: no
fake-cuda: resolve cuArray3DCreate: no
fake-cuda: resolve cuArray3DGetDescriptor: no
fake-cuda: resolve cuArrayDestroy: no
fake-cuda: resolve cuMipmappedArrayCreate: no
fake-cuda: resolve cuMipmappedArrayGetLevel: no
fake-cuda: resolve cuMipmappedArrayGetSparseProperties: no
fake-cuda: resolve cuMipmappedArrayDestroy: no
fake-cuda: resolve cuArrayGetMemoryRequirements: no
fake-cuda: resolve cuMipmappedArrayGetMemoryRequirements: no
fake-cuda: resolve cuTexObjectCreate: no
fake-cuda: resolve cuTexObjectDestroy: no
fake-cuda: resolve cuTexObjectGetResourceDesc: no
fake-cuda: resolve cuTexObjectGetTextureDesc: no
fake-cuda: resolve cuTexObjectGetResourceViewDesc: no
fake-cuda: resolve cuSurfObjectCreate: no
fake-cuda: resolve cuSurfObjectDestroy: no
fake-cuda: resolve cuSurfObjectGetResourceDesc: no
fake-cuda: resolve cuImportExternalMemory: no
fake-cuda: resolve cuExternalMemoryGetMappedBuffer: no
fake-cuda: resolve cuExternalMemoryGetMappedMipmappedArray: no
fake-cuda: resolve cuDestroyExternalMemory: no
fake-cuda: resolve cuImportExternalSemaphore: no
fake-cuda: resolve cuSignalExternalSemaphoresAsync: no
fake-cuda: resolve cuSignalExternalSemaphoresAsync: no
fake-cuda: resolve cuWaitExternalSemaphoresAsync: no
fake-cuda: resolve cuWaitExternalSemaphoresAsync: no
fake-cuda: resolve cuDestroyExternalSemaphore: no
fake-cuda: resolve cuDeviceGetNvSciSyncAttributes: no
fake-cuda: resolve cuLaunchKernel: yes
fake-cuda: resolve cuLaunchKernel: yes
fake-cuda: resolve cuLaunchCooperativeKernel: no
fake-cuda: resolve cuLaunchCooperativeKernel: no
fake-cuda: resolve cuLaunchHostFunc: no
fake-cuda: resolve cuLaunchHostFunc: no
fake-cuda: resolve cuLaunchKernelEx: no
fake-cuda: resolve cuLaunchKernelEx: no
fake-cuda: resolve cuEventCreate: yes
fake-cuda: resolve cuEventRecord: yes
fake-cuda: resolve cuEventRecord: yes
fake-cuda: resolve cuEventRecordWithFlags: yes
fake-cuda: resolve cuEventRecordWithFlags: yes
fake-cuda: resolve cuEventQuery: yes
fake-cuda: resolve cuEventSynchronize: yes
fake-cuda: resolve cuEventDestroy: yes
fake-cuda: resolve cuEventElapsedTime: yes
fake-cuda: resolve cuEventElapsedTime: yes
fake-cuda: resolve cuStreamWaitValue32: no
fake-cuda: resolve cuStreamWaitValue32: no
fake-cuda: resolve cuStreamWriteValue32: no
fake-cuda: resolve cuStreamWriteValue32: no
fake-cuda: resolve cuStreamWaitValue64: no
fake-cuda: resolve cuStreamWaitValue64: no
fake-cuda: resolve cuStreamWriteValue64: no
fake-cuda: resolve cuStreamWriteValue64: no
fake-cuda: resolve cuStreamBatchMemOp: no
fake-cuda: resolve cuStreamBatchMemOp: no
fake-cuda: resolve cuStreamCreate: yes
fake-cuda: resolve cuStreamCreateWithPriority: yes
fake-cuda: resolve cuStreamGetPriority: yes
fake-cuda: resolve cuStreamGetPriority: yes
fake-cuda: resolve cuStreamGetFlags: yes
fake-cuda: resolve cuStreamGetDevice: yes
fake-cuda: resolve cuStreamGetDevice: yes
fake-cuda: resolve cuStreamGetCtx: yes
fake-cuda: resolve cuStreamGetFlags: yes
fake-cuda: resolve cuStreamGetId: no
fake-cuda: resolve cuStreamGetId: no
fake-cuda: resolve cuStreamDestroy: yes
fake-cuda: resolve cuStreamWaitEvent: yes
fake-cuda: resolve cuStreamWaitEvent: yes
fake-cuda: resolve cuStreamAddCallback: no
fake-cuda: resolve cuStreamAddCallback: no
fake-cuda: resolve cuStreamSynchronize: yes
fake-cuda: resolve cuStreamSynchronize: yes
fake-cuda: resolve cuStreamQuery: yes
fake-cuda: resolve cuStreamQuery: yes
fake-cuda: resolve cuStreamAttachMemAsync: no
fake-cuda: resolve cuStreamAttachMemAsync: no
fake-cuda: resolve cuStreamCopyAttributes: no
fake-cuda: resolve cuStreamCopyAttributes: no
fake-cuda: resolve cuStreamGetAttribute: no
fake-cuda: resolve cuStreamGetAttribute: no
fake-cuda: resolve cuStreamSetAttribute: no
fake-cuda: resolve cuStreamSetAttribute: no
fake-cuda: resolve cuDeviceCanAccessPeer: yes
fake-cuda: resolve cuCtxEnablePeerAccess: yes
fake-cuda: resolve cuCtxDisablePeerAccess: yes
fake-cuda: resolve cuIpcGetEventHandle: no
fake-cuda: resolve cuIpcOpenEventHandle: no
fake-cuda: resolve cuIpcGetMemHandle: no
fake-cuda: resolve cuIpcOpenMemHandle: no
fake-cuda: resolve cuIpcOpenMemHandle: no
fake-cuda: resolve cuIpcCloseMemHandle: no
fake-cuda: resolve cuGLCtxCreate: no
fake-cuda: resolve cuGLInit: no
fake-cuda: resolve cuGLGetDevices: no
fake-cuda: resolve cuGLRegisterBufferObject: no
fake-cuda: resolve cuGLMapBufferObject: no
fake-cuda: resolve cuGLMapBufferObject: no
fake-cuda: resolve cuGLMapBufferObjectAsync: no
fake-cuda: resolve cuGLMapBufferObjectAsync: no
fake-cuda: resolve cuGLUnmapBufferObject: no
fake-cuda: resolve cuGLUnmapBufferObjectAsync: no
fake-cuda: resolve cuGLUnregisterBufferObject: no
fake-cuda: resolve cuGLSetBufferObjectMapFlags: no
fake-cuda: resolve cuGraphicsGLRegisterImage: no
fake-cuda: resolve cuGraphicsGLRegisterBuffer: no
fake-cuda: resolve cuGraphicsEGLRegisterImage: no
fake-cuda: resolve cuEGLStreamConsumerConnect: no
fake-cuda: resolve cuEGLStreamConsumerDisconnect: no
fake-cuda: resolve cuEGLStreamConsumerAcquireFrame: no
fake-cuda: resolve cuEGLStreamConsumerReleaseFrame: no
fake-cuda: resolve cuEGLStreamProducerConnect: no
fake-cuda: resolve cuEGLStreamProducerDisconnect: no
fake-cuda: resolve cuEGLStreamProducerPresentFrame: no
fake-cuda: resolve cuEGLStreamProducerReturnFrame: no
fake-cuda: resolve cuGraphicsResourceGetMappedEglFrame: no
fake-cuda: resolve cuEGLStreamConsumerConnectWithFlags: no
fake-cuda: resolve cuGraphicsUnregisterResource: no
fake-cuda: resolve cuGraphicsMapResources: no
fake-cuda: resolve cuGraphicsMapResources: no
fake-cuda: resolve cuGraphicsUnmapResources: no
fake-cuda: resolve cuGraphicsUnmapResources: no
fake-cuda: resolve cuGraphicsResourceSetMapFlags: no
fake-cuda: resolve cuGraphicsSubResourceGetMappedArray: no
fake-cuda: resolve cuGraphicsResourceGetMappedMipmappedArray: no
fake-cuda: resolve cuGraphicsResourceGetMappedPointer: no
fake-cuda: resolve cuProfilerInitialize: no
fake-cuda: resolve cuProfilerStart: no
fake-cuda: resolve cuProfilerStop: no
fake-cuda: resolve cuVDPAUGetDevice: no
fake-cuda: resolve cuVDPAUCtxCreate: no
fake-cuda: resolve cuGraphicsVDPAURegisterVideoSurface: no
fake-cuda: resolve cuGraphicsVDPAURegisterOutputSurface: no
fake-cuda: resolve cuGetExportTable: yes
fake-cuda: resolve cuOccupancyMaxActiveBlocksPerMultiprocessorWithFlags: no
fake-cuda: resolve cuOccupancyAvailableDynamicSMemPerBlock: no
fake-cuda: resolve cuOccupancyMaxPotentialClusterSize: no
fake-cuda: resolve cuOccupancyMaxActiveClusters: no
fake-cuda: resolve cuMemAdvise: no
fake-cuda: resolve cuMemPrefetchAsync: no
fake-cuda: resolve cuMemPrefetchAsync: no
fake-cuda: resolve cuMemAdvise: no
fake-cuda: resolve cuMemPrefetchAsync: no
fake-cuda: resolve cuMemPrefetchAsync: no
fake-cuda: resolve cuMemPrefetchBatchAsync: no
fake-cuda: resolve cuMemPrefetchBatchAsync: no
fake-cuda: resolve cuMemDiscardBatchAsync: no
fake-cuda: resolve cuMemDiscardBatchAsync: no
fake-cuda: resolve cuMemDiscardAndPrefetchBatchAsync: no
fake-cuda: resolve cuMemDiscardAndPrefetchBatchAsync: no
fake-cuda: resolve cuMemRangeGetAttribute: no
fake-cuda: resolve cuMemRangeGetAttributes: no
fake-cuda: resolve cuGetErrorString: yes
fake-cuda: resolve cuGetErrorName: yes
fake-cuda: resolve cuGraphCreate: no
fake-cuda: resolve cuGraphAddKernelNode: no
fake-cuda: resolve cuGraphKernelNodeGetParams: no
fake-cuda: resolve cuGraphKernelNodeSetParams: no
fake-cuda: resolve cuGraphAddMemcpyNode: no
fake-cuda: resolve cuGraphMemcpyNodeGetParams: no
fake-cuda: resolve cuGraphMemcpyNodeSetParams: no
fake-cuda: resolve cuGraphAddMemsetNode: no
fake-cuda: resolve cuGraphMemsetNodeGetParams: no
fake-cuda: resolve cuGraphMemsetNodeSetParams: no
fake-cuda: resolve cuGraphAddHostNode: no
fake-cuda: resolve cuGraphHostNodeGetParams: no
fake-cuda: resolve cuGraphHostNodeSetParams: no
fake-cuda: resolve cuGraphAddChildGraphNode: no
fake-cuda: resolve cuGraphChildGraphNodeGetGraph: no
fake-cuda: resolve cuGraphAddEmptyNode: no
fake-cuda: resolve cuGraphAddEventRecordNode: no
fake-cuda: resolve cuGraphEventRecordNodeGetEvent: no
fake-cuda: resolve cuGraphEventRecordNodeSetEvent: no
fake-cuda: resolve cuGraphAddEventWaitNode: no
fake-cuda: resolve cuGraphEventWaitNodeGetEvent: no
fake-cuda: resolve cuGraphEventWaitNodeSetEvent: no
fake-cuda: resolve cuGraphAddExternalSemaphoresSignalNode: no
fake-cuda: resolve cuGraphExternalSemaphoresSignalNodeGetParams: no
fake-cuda: resolve cuGraphExternalSemaphoresSignalNodeSetParams: no
fake-cuda: resolve cuGraphAddExternalSemaphoresWaitNode: no
fake-cuda: resolve cuGraphExternalSemaphoresWaitNodeGetParams: no
fake-cuda: resolve cuGraphExternalSemaphoresWaitNodeSetParams: no
fake-cuda: resolve cuGraphExecExternalSemaphoresSignalNodeSetParams: no
fake-cuda: resolve cuGraphExecExternalSemaphoresWaitNodeSetParams: no
fake-cuda: resolve cuGraphAddMemAllocNode: no
fake-cuda: resolve cuGraphMemAllocNodeGetParams: no
fake-cuda: resolve cuGraphAddMemFreeNode: no
fake-cuda: resolve cuGraphMemFreeNodeGetParams: no
fake-cuda: resolve cuDeviceGraphMemTrim: no
fake-cuda: resolve cuDeviceGetGraphMemAttribute: no
fake-cuda: resolve cuDeviceSetGraphMemAttribute: no
fake-cuda: resolve cuGraphClone: no
fake-cuda: resolve cuGraphNodeFindInClone: no
fake-cuda: resolve cuGraphNodeGetType: no
fake-cuda: resolve cuGraphGetNodes: yes
fake-cuda: resolve cuGraphGetRootNodes: no
fake-cuda: resolve cuGraphGetEdges: no
fake-cuda: resolve cuGraphGetEdges: no
fake-cuda: resolve cuGraphNodeGetDependencies: no
fake-cuda: resolve cuGraphNodeGetDependencies: no
fake-cuda: resolve cuGraphNodeGetDependentNodes: no
fake-cuda: resolve cuGraphNodeGetDependentNodes: no
fake-cuda: resolve cuGraphAddDependencies: no
fake-cuda: resolve cuGraphAddDependencies: no
fake-cuda: resolve cuGraphRemoveDependencies: no
fake-cuda: resolve cuGraphRemoveDependencies: no
fake-cuda: resolve cuGraphDestroyNode: no
fake-cuda: resolve cuGraphInstantiate: no
fake-cuda: resolve cuGraphInstantiate: no
fake-cuda: resolve cuGraphInstantiateWithFlags: yes
fake-cuda: resolve cuGraphUpload: no
fake-cuda: resolve cuGraphUpload: no
fake-cuda: resolve cuGraphLaunch: yes
fake-cuda: resolve cuGraphLaunch: yes
fake-cuda: resolve cuGraphExecDestroy: yes
fake-cuda: resolve cuGraphDestroy: yes
fake-cuda: resolve cuStreamBeginCapture: no
fake-cuda: resolve cuStreamBeginCapture: no
fake-cuda: resolve cuStreamBeginCapture: yes
fake-cuda: resolve cuStreamBeginCapture: yes
fake-cuda: resolve cuStreamBeginCaptureToGraph: no
fake-cuda: resolve cuStreamBeginCaptureToGraph: no
fake-cuda: resolve cuStreamEndCapture: yes
fake-cuda: resolve cuStreamEndCapture: yes
fake-cuda: resolve cuStreamIsCapturing: yes
fake-cuda: resolve cuStreamIsCapturing: yes
fake-cuda: resolve cuStreamGetCaptureInfo: yes
fake-cuda: resolve cuStreamGetCaptureInfo: yes
fake-cuda: resolve cuStreamGetCaptureInfo: yes
fake-cuda: resolve cuStreamGetCaptureInfo: yes
fake-cuda: resolve cuStreamGetCaptureInfo: yes
fake-cuda: resolve cuStreamGetCaptureInfo: yes
fake-cuda: resolve cuStreamUpdateCaptureDependencies: no
fake-cuda: resolve cuStreamUpdateCaptureDependencies: no
fake-cuda: resolve cuStreamUpdateCaptureDependencies: no
fake-cuda: resolve cuStreamUpdateCaptureDependencies: no
fake-cuda: resolve cuGraphExecKernelNodeSetParams: no
fake-cuda: resolve cuGraphExecMemcpyNodeSetParams: no
fake-cuda: resolve cuGraphExecMemsetNodeSetParams: no
fake-cuda: resolve cuGraphExecHostNodeSetParams: no
fake-cuda: resolve cuGraphExecChildGraphNodeSetParams: no
fake-cuda: resolve cuGraphExecEventRecordNodeSetEvent: no
fake-cuda: resolve cuGraphExecEventWaitNodeSetEvent: no
fake-cuda: resolve cuThreadExchangeStreamCaptureMode: yes
fake-cuda: resolve cuGraphExecUpdate: no
fake-cuda: resolve cuGraphKernelNodeCopyAttributes: no
fake-cuda: resolve cuGraphKernelNodeGetAttribute: no
fake-cuda: resolve cuGraphKernelNodeSetAttribute: no
fake-cuda: resolve cuGraphDebugDotPrint: no
fake-cuda: resolve cuUserObjectCreate: no
fake-cuda: resolve cuUserObjectRetain: no
fake-cuda: resolve cuUserObjectRelease: no
fake-cuda: resolve cuGraphRetainUserObject: no
fake-cuda: resolve cuGraphReleaseUserObject: no
fake-cuda: resolve cuGraphNodeSetEnabled: no
fake-cuda: resolve cuGraphNodeGetEnabled: no
fake-cuda: resolve cuGraphInstantiateWithParams: yes
fake-cuda: resolve cuGraphInstantiateWithParams: yes
fake-cuda: resolve cuGraphExecGetFlags: no
fake-cuda: resolve cuGraphAddNode: no
fake-cuda: resolve cuGraphAddNode: no
fake-cuda: resolve cuGraphNodeSetParams: no
fake-cuda: resolve cuGraphExecNodeSetParams: no
fake-cuda: resolve cuGraphConditionalHandleCreate: no
fake-cuda: resolve cuDeviceRegisterAsyncNotification: no
fake-cuda: resolve cuDeviceUnregisterAsyncNotification: no
fake-cuda: resolve cuLogsRegisterCallback: no
fake-cuda: resolve cuLogsUnregisterCallback: no
fake-cuda: resolve cuLogsCurrent: no
fake-cuda: resolve cuLogsDumpToFile: no
fake-cuda: resolve cuLogsDumpToMemory: no
fake-cuda: private table bootstrap
fake-cuda: call cuDriverGetVersion => 0
fake-cuda: call cuInit => 0
fake-cuda: private table cudart
fake-cuda: private table callbacks
fake-cuda: call cuDeviceGetCount => 0
fake-cuda: call cuDeviceGet => 0
fake-cuda: call cuDeviceGetName => 0
fake-cuda: call cuDeviceTotalMem_v2 => 0
fake-cuda: call cuDeviceGetAttribute => 0
fake-cuda: call cuDeviceGetAttribute => 0
fake-cuda: call cuDeviceGetAttribute => 0
fake-cuda: call cuDeviceGetAttribute => 0
fake-cuda: call cuDeviceGetAttribute => 0
fake-cuda: call cuDeviceGetAttribute => 0
fake-cuda: call cuDeviceGetAttribute => 0
fake-cuda: call cuDeviceGetAttribute => 0
fake-cuda: call cuDeviceGetAttribute => 0
fake-cuda: call cuDeviceGetAttribute => 0
fake-cuda: call cuDeviceGetAttribute => 0
fake-cuda: call cuDeviceGetAttribute => 0
fake-cuda: call cuDeviceGetAttribute => 0
fake-cuda: call cuDeviceGetAttribute => 0
fake-cuda: call cuDeviceGetAttribute => 0
fake-cuda: call cuDeviceGetAttribute => 0
fake-cuda: call cuDeviceGetAttribute => 0
fake-cuda: call cuDeviceGetAttribute => 0
fake-cuda: call cuDeviceGetAttribute => 0
fake-cuda: call cuDeviceGetAttribute => 0
fake-cuda: call cuDeviceGetAttribute => 0
fake-cuda: call cuDeviceGetAttribute => 0
fake-cuda: call cuDeviceGetAttribute => 0
fake-cuda: call cuDeviceGetAttribute => 0
fake-cuda: call cuDeviceGetAttribute => 0
fake-cuda: call cuDeviceGetAttribute => 0
fake-cuda: call cuDeviceGetAttribute => 0
fake-cuda: call cuDeviceGetAttribute => 0
fake-cuda: call cuDeviceGetAttribute => 0
fake-cuda: call cuDeviceGetAttribute => 0
fake-cuda: call cuDeviceGetAttribute => 0
fake-cuda: call cuDeviceGetAttribute => 0
fake-cuda: call cuDeviceGetAttribute => 0
fake-cuda: call cuDeviceGetAttribute => 0
fake-cuda: call cuDeviceGetAttribute => 0
fake-cuda: call cuDeviceGetAttribute => 0
fake-cuda: call cuDeviceGetAttribute => 0
fake-cuda: call cuDeviceGetAttribute => 0
fake-cuda: call cuDeviceGetAttribute => 0
fake-cuda: call cuDeviceGetAttribute => 0
fake-cuda: call cuDeviceGetAttribute => 0
fake-cuda: call cuDeviceGetAttribute => 0
fake-cuda: call cuDeviceGetAttribute => 0
fake-cuda: call cuDeviceGetAttribute => 0
fake-cuda: call cuDeviceGetAttribute => 0
fake-cuda: call cuDeviceGetAttribute => 0
fake-cuda: call cuDeviceGetAttribute => 0
fake-cuda: call cuDeviceGetAttribute => 0
fake-cuda: call cuDeviceGetAttribute => 0
fake-cuda: call cuDeviceGetAttribute => 0
fake-cuda: call cuDeviceGetAttribute => 0
fake-cuda: call cuDeviceGetAttribute => 0
fake-cuda: call cuDeviceGetAttribute => 0
fake-cuda: call cuDeviceGetAttribute => 0
fake-cuda: call cuDeviceGetAttribute => 0
fake-cuda: call cuDeviceGetAttribute => 0
fake-cuda: call cuDeviceGetAttribute => 0
fake-cuda: call cuDeviceGetAttribute => 0
fake-cuda: call cuDeviceGetAttribute => 0
fake-cuda: call cuDeviceGetAttribute => 0
fake-cuda: call cuDeviceGetAttribute => 0
fake-cuda: call cuDeviceGetAttribute => 0
fake-cuda: call cuDeviceGetAttribute => 0
fake-cuda: call cuDeviceGetAttribute => 0
fake-cuda: call cuDeviceGetAttribute => 0
fake-cuda: call cuDeviceGetAttribute => 0
fake-cuda: call cuDeviceGetAttribute => 0
fake-cuda: call cuDeviceGetAttribute => 0
fake-cuda: call cuDeviceGetAttribute => 0
fake-cuda: call cuDeviceGetAttribute => 0
fake-cuda: call cuDeviceGetAttribute => 0
fake-cuda: call cuDeviceGetAttribute => 0
fake-cuda: call cuDeviceGetAttribute => 0
fake-cuda: call cuDeviceGetAttribute => 0
fake-cuda: call cuDeviceGetAttribute => 0
fake-cuda: call cuDeviceGetAttribute => 0
fake-cuda: call cuDeviceGetAttribute => 0
fake-cuda: call cuDeviceGetAttribute => 0
fake-cuda: call cuDeviceGetAttribute => 0
fake-cuda: call cuDeviceGetAttribute => 0
fake-cuda: call cuDeviceGetAttribute => 0
fake-cuda: call cuDeviceGetAttribute => 0
fake-cuda: call cuDeviceGetAttribute => 0
fake-cuda: call cuDeviceGetAttribute => 0
fake-cuda: call cuDeviceGetAttribute => 0
fake-cuda: call cuDeviceGetAttribute => 0
fake-cuda: call cuDeviceGetAttribute => 0
fake-cuda: call cuDeviceGetAttribute => 0
fake-cuda: call cuDeviceGetUuid => 0
fake-cuda: call cuDeviceGetAttribute => 0
fake-cuda: call cuDeviceGetAttribute => 0
fake-cuda: call cuDeviceGetAttribute => 0
fake-cuda: call cuDeviceGetAttribute => 0
fake-cuda: call cuDeviceGetAttribute => 0
fake-cuda: call cuDeviceGetAttribute => 0
fake-cuda: call cuDeviceGetAttribute => 0
fake-cuda: call cuDeviceGetAttribute => 0
fake-cuda: call cuDeviceGetAttribute => 0
fake-cuda: call cuDeviceGetAttribute => 0
fake-cuda: call cuDeviceGetAttribute => 0
fake-cuda: call cuDeviceGetAttribute => 0
fake-cuda: call cuDeviceGetAttribute => 0
fake-cuda: call cuDeviceGetAttribute => 0
fake-cuda: call cuDeviceGetAttribute => 0
fake-cuda: call cuDeviceGetAttribute => 0
fake-cuda: call cuDeviceGetAttribute => 0
fake-cuda: call cuDeviceGetAttribute => 0
fake-cuda: call cuDeviceGetAttribute => 0
fake-cuda: call cuDeviceGetAttribute => 0
fake-cuda: call cuDeviceGetAttribute => 0
fake-cuda: call cuDeviceGetAttribute => 0
fake-cuda: call cuDeviceGetAttribute => 0
fake-cuda: private table tools-tls
fake-cuda: private table context-local-storage
fake-cuda: private table context-checks
fake-cuda: private table integrity
fake-cuda: call cuCtxGetDevice => 201
fake-cuda: call cuDevicePrimaryCtxGetState => 0
fake-cuda: call cuCtxGetDevice => 201
fake-cuda: call cuDevicePrimaryCtxGetState => 0
fake-cuda: call cuCtxGetDevice => 201
fake-cuda: call cuDevicePrimaryCtxGetState => 0
fake-cuda: call cuCtxGetDevice => 201
fake-cuda: call cuCtxGetDevice => 201
fake-cuda: call cuCtxGetDevice => 201
fake-cuda: call cuCtxGetCurrent => 0
fake-cuda: call cuCtxSetCurrent => 0
fake-cuda: call cuDevicePrimaryCtxRetain => 0
fake-cuda: call cuCtxGetCurrent => 0
fake-cuda: call cuCtxGetDevice => 0
fake-cuda: call cuCtxGetDevice => 0
fake-cuda: call cuStreamIsCapturing => 0
fake-cuda: call cuMemAlloc_v2 => 0
fake-cuda: call cuDevicePrimaryCtxGetState => 0
fake-cuda: call cuCtxGetDevice => 0
fake-cuda: call cuDevicePrimaryCtxGetState => 0
fake-cuda: call cuCtxGetDevice => 0
fake-cuda: call cuCtxGetDevice => 0
fake-cuda: call cuCtxGetDevice => 0
fake-cuda: call cuCtxGetDevice => 0
fake-cuda: call cuDevicePrimaryCtxGetState => 0
fake-cuda: call cuCtxGetDevice => 0
fake-cuda: call cuDevicePrimaryCtxGetState => 0
fake-cuda: call cuCtxGetDevice => 0
fake-cuda: call cuCtxGetDevice => 0
fake-cuda: call cuCtxGetDevice => 0
fake-cuda: call cuCtxGetDevice => 0
fake-cuda: call cuDevicePrimaryCtxGetState => 0
fake-cuda: call cuCtxGetDevice => 0
fake-cuda: call cuDevicePrimaryCtxGetState => 0
fake-cuda: call cuCtxGetDevice => 0
fake-cuda: call cuCtxGetDevice => 0
fake-cuda: call cuCtxGetDevice => 0
fake-cuda: call cuCtxGetDevice => 0
fake-cuda: call cuDevicePrimaryCtxGetState => 0
fake-cuda: call cuCtxGetDevice => 0
fake-cuda: call cuDevicePrimaryCtxGetState => 0
fake-cuda: call cuCtxGetDevice => 0
fake-cuda: call cuCtxGetDevice => 0
fake-cuda: call cuCtxGetDevice => 0
fake-cuda: call cuCtxGetDevice => 0
fake-cuda: call cuDevicePrimaryCtxGetState => 0
fake-cuda: call cuCtxGetDevice => 0
fake-cuda: call cuDevicePrimaryCtxGetState => 0
fake-cuda: call cuCtxGetDevice => 0
fake-cuda: call cuCtxGetDevice => 0
fake-cuda: call cuCtxGetDevice => 0
fake-cuda: call cuCtxGetDevice => 0
fake-cuda: call cuDevicePrimaryCtxGetState => 0
fake-cuda: call cuCtxGetDevice => 0
fake-cuda: call cuDevicePrimaryCtxGetState => 0
fake-cuda: call cuCtxGetDevice => 0
fake-cuda: call cuCtxGetDevice => 0
fake-cuda: call cuCtxGetDevice => 0
fake-cuda: call cuCtxGetDevice => 0
fake-cuda: call cuDevicePrimaryCtxGetState => 0
fake-cuda: call cuCtxGetDevice => 0
fake-cuda: call cuDevicePrimaryCtxGetState => 0
fake-cuda: call cuCtxGetDevice => 0
fake-cuda: call cuCtxGetDevice => 0
fake-cuda: call cuCtxGetDevice => 0
fake-cuda: call cuCtxGetDevice => 0
fake-cuda: call cuDevicePrimaryCtxGetState => 0
fake-cuda: call cuCtxGetDevice => 0
fake-cuda: call cuDevicePrimaryCtxGetState => 0
fake-cuda: call cuCtxGetDevice => 0
fake-cuda: call cuCtxGetDevice => 0
fake-cuda: call cuCtxGetDevice => 0
fake-cuda: call cuCtxGetDevice => 0
fake-cuda: call cuCtxGetDevice => 0
fake-cuda: call cuStreamIsCapturing => 0
fake-cuda: call cuMemAlloc_v2 => 0
fake-cuda: call cuDevicePrimaryCtxGetState => 0
fake-cuda: call cuCtxGetDevice => 0
fake-cuda: call cuDevicePrimaryCtxGetState => 0
fake-cuda: call cuCtxGetDevice => 0
fake-cuda: call cuCtxGetDevice => 0
fake-cuda: call cuCtxGetDevice => 0
fake-cuda: call cuCtxGetDevice => 0
fake-cuda: call cuDevicePrimaryCtxGetState => 0
fake-cuda: call cuCtxGetDevice => 0
fake-cuda: call cuDevicePrimaryCtxGetState => 0
fake-cuda: call cuCtxGetDevice => 0
SVDQuant import and virtual allocations PASS
fake-cuda: call cuCtxGetDevice => 0
fake-cuda: call cuCtxGetDevice => 0
fake-cuda: call cuCtxGetDevice => 0
fake-cuda: call cuStreamCreateWithPriority => 0
fake-cuda: call cuDevicePrimaryCtxGetState => 0
fake-cuda: call cuCtxGetDevice => 0
fake-cuda: call cuCtxGetDevice => 0
fake-cuda: call cuStreamCreateWithPriority => 0
fake-cuda: call cuDevicePrimaryCtxGetState => 0
fake-cuda: call cuCtxGetDevice => 0
fake-cuda: call cuCtxGetDevice => 0
fake-cuda: call cuStreamCreateWithPriority => 0
fake-cuda: call cuDevicePrimaryCtxGetState => 0
fake-cuda: call cuCtxGetDevice => 0
fake-cuda: call cuCtxGetDevice => 0
fake-cuda: call cuStreamCreateWithPriority => 0
fake-cuda: call cuDevicePrimaryCtxGetState => 0
fake-cuda: call cuCtxGetDevice => 0
fake-cuda: call cuCtxGetDevice => 0
fake-cuda: call cuStreamCreateWithPriority => 0
fake-cuda: call cuDevicePrimaryCtxGetState => 0
fake-cuda: call cuCtxGetDevice => 0
fake-cuda: call cuCtxGetDevice => 0
fake-cuda: call cuStreamCreateWithPriority => 0
fake-cuda: call cuDevicePrimaryCtxGetState => 0
fake-cuda: call cuCtxGetDevice => 0
fake-cuda: call cuCtxGetDevice => 0
fake-cuda: call cuStreamCreateWithPriority => 0
fake-cuda: call cuDevicePrimaryCtxGetState => 0
fake-cuda: call cuCtxGetDevice => 0
fake-cuda: call cuCtxGetDevice => 0
fake-cuda: call cuStreamCreateWithPriority => 0
fake-cuda: call cuDevicePrimaryCtxGetState => 0
fake-cuda: call cuCtxGetDevice => 0
fake-cuda: call cuCtxGetDevice => 0
fake-cuda: call cuStreamCreateWithPriority => 0
fake-cuda: call cuDevicePrimaryCtxGetState => 0
fake-cuda: call cuCtxGetDevice => 0
fake-cuda: call cuCtxGetDevice => 0
fake-cuda: call cuStreamCreateWithPriority => 0
fake-cuda: call cuDevicePrimaryCtxGetState => 0
fake-cuda: call cuCtxGetDevice => 0
fake-cuda: call cuCtxGetDevice => 0
fake-cuda: call cuStreamCreateWithPriority => 0
fake-cuda: call cuDevicePrimaryCtxGetState => 0
fake-cuda: call cuCtxGetDevice => 0
fake-cuda: call cuCtxGetDevice => 0
fake-cuda: call cuStreamCreateWithPriority => 0
fake-cuda: call cuDevicePrimaryCtxGetState => 0
fake-cuda: call cuCtxGetDevice => 0
fake-cuda: call cuCtxGetDevice => 0
fake-cuda: call cuStreamCreateWithPriority => 0
fake-cuda: call cuDevicePrimaryCtxGetState => 0
fake-cuda: call cuCtxGetDevice => 0
fake-cuda: call cuCtxGetDevice => 0
fake-cuda: call cuStreamCreateWithPriority => 0
fake-cuda: call cuDevicePrimaryCtxGetState => 0
fake-cuda: call cuCtxGetDevice => 0
fake-cuda: call cuCtxGetDevice => 0
fake-cuda: call cuStreamCreateWithPriority => 0
fake-cuda: call cuDevicePrimaryCtxGetState => 0
fake-cuda: call cuCtxGetDevice => 0
fake-cuda: call cuCtxGetDevice => 0
fake-cuda: call cuStreamCreateWithPriority => 0
fake-cuda: call cuDevicePrimaryCtxGetState => 0
fake-cuda: call cuCtxGetDevice => 0
fake-cuda: call cuCtxGetDevice => 0
fake-cuda: call cuStreamCreateWithPriority => 0
fake-cuda: call cuDevicePrimaryCtxGetState => 0
fake-cuda: call cuCtxGetDevice => 0
fake-cuda: call cuCtxGetDevice => 0
fake-cuda: call cuStreamCreateWithPriority => 0
fake-cuda: call cuDevicePrimaryCtxGetState => 0
fake-cuda: call cuCtxGetDevice => 0
fake-cuda: call cuCtxGetDevice => 0
fake-cuda: call cuStreamCreateWithPriority => 0
fake-cuda: call cuDevicePrimaryCtxGetState => 0
fake-cuda: call cuCtxGetDevice => 0
fake-cuda: call cuCtxGetDevice => 0
fake-cuda: call cuStreamCreateWithPriority => 0
fake-cuda: call cuDevicePrimaryCtxGetState => 0
fake-cuda: call cuCtxGetDevice => 0
fake-cuda: call cuCtxGetDevice => 0
fake-cuda: call cuStreamCreateWithPriority => 0
fake-cuda: call cuDevicePrimaryCtxGetState => 0
fake-cuda: call cuCtxGetDevice => 0
fake-cuda: call cuCtxGetDevice => 0
fake-cuda: call cuStreamCreateWithPriority => 0
fake-cuda: call cuDevicePrimaryCtxGetState => 0
fake-cuda: call cuCtxGetDevice => 0
fake-cuda: call cuCtxGetDevice => 0
fake-cuda: call cuStreamCreateWithPriority => 0
fake-cuda: call cuDevicePrimaryCtxGetState => 0
fake-cuda: call cuCtxGetDevice => 0
fake-cuda: call cuCtxGetDevice => 0
fake-cuda: call cuStreamCreateWithPriority => 0
fake-cuda: call cuDevicePrimaryCtxGetState => 0
fake-cuda: call cuCtxGetDevice => 0
fake-cuda: call cuCtxGetDevice => 0
fake-cuda: call cuStreamCreateWithPriority => 0
fake-cuda: call cuDevicePrimaryCtxGetState => 0
fake-cuda: call cuCtxGetDevice => 0
fake-cuda: call cuCtxGetDevice => 0
fake-cuda: call cuStreamCreateWithPriority => 0
fake-cuda: call cuDevicePrimaryCtxGetState => 0
fake-cuda: call cuCtxGetDevice => 0
fake-cuda: call cuCtxGetDevice => 0
fake-cuda: call cuStreamCreateWithPriority => 0
fake-cuda: call cuDevicePrimaryCtxGetState => 0
fake-cuda: call cuCtxGetDevice => 0
fake-cuda: call cuCtxGetDevice => 0
fake-cuda: call cuStreamCreateWithPriority => 0
fake-cuda: call cuDevicePrimaryCtxGetState => 0
fake-cuda: call cuCtxGetDevice => 0
fake-cuda: call cuCtxGetDevice => 0
fake-cuda: call cuStreamCreateWithPriority => 0
fake-cuda: call cuDevicePrimaryCtxGetState => 0
fake-cuda: call cuCtxGetDevice => 0
fake-cuda: call cuCtxGetDevice => 0
fake-cuda: call cuStreamCreateWithPriority => 0
fake-cuda: call cuDevicePrimaryCtxGetState => 0
fake-cuda: call cuCtxGetDevice => 0
fake-cuda: call cuCtxGetDevice => 0
fake-cuda: call cuStreamCreateWithPriority => 0
fake-cuda: call cuDevicePrimaryCtxGetState => 0
fake-cuda: call cuCtxGetDevice => 0
fake-cuda: call cuCtxGetDevice => 0
fake-cuda: call cuStreamCreateWithPriority => 0
fake-cuda: call cuDevicePrimaryCtxGetState => 0
fake-cuda: call cuCtxGetDevice => 0
fake-cuda: call cuCtxGetDevice => 0
fake-cuda: call cuStreamCreateWithPriority => 0
fake-cuda: call cuDevicePrimaryCtxGetState => 0
fake-cuda: call cuCtxGetDevice => 0
fake-cuda: call cuCtxGetDevice => 0
fake-cuda: call cuStreamCreateWithPriority => 0
fake-cuda: call cuDevicePrimaryCtxGetState => 0
fake-cuda: call cuCtxGetDevice => 0
fake-cuda: call cuCtxGetDevice => 0
fake-cuda: call cuStreamCreateWithPriority => 0
fake-cuda: call cuDevicePrimaryCtxGetState => 0
fake-cuda: call cuCtxGetDevice => 0
fake-cuda: call cuCtxGetDevice => 0
fake-cuda: call cuStreamCreateWithPriority => 0
fake-cuda: call cuDevicePrimaryCtxGetState => 0
fake-cuda: call cuCtxGetDevice => 0
fake-cuda: call cuCtxGetDevice => 0
fake-cuda: call cuStreamCreateWithPriority => 0
fake-cuda: call cuDevicePrimaryCtxGetState => 0
fake-cuda: call cuCtxGetDevice => 0
fake-cuda: call cuCtxGetDevice => 0
fake-cuda: call cuStreamCreateWithPriority => 0
fake-cuda: call cuDevicePrimaryCtxGetState => 0
fake-cuda: call cuCtxGetDevice => 0
fake-cuda: call cuCtxGetDevice => 0
fake-cuda: call cuStreamCreateWithPriority => 0
fake-cuda: call cuDevicePrimaryCtxGetState => 0
fake-cuda: call cuCtxGetDevice => 0
fake-cuda: call cuCtxGetDevice => 0
fake-cuda: call cuStreamCreateWithPriority => 0
fake-cuda: call cuDevicePrimaryCtxGetState => 0
fake-cuda: call cuCtxGetDevice => 0
fake-cuda: call cuCtxGetDevice => 0
fake-cuda: call cuStreamCreateWithPriority => 0
fake-cuda: call cuDevicePrimaryCtxGetState => 0
fake-cuda: call cuCtxGetDevice => 0
fake-cuda: call cuCtxGetDevice => 0
fake-cuda: call cuStreamCreateWithPriority => 0
fake-cuda: call cuDevicePrimaryCtxGetState => 0
fake-cuda: call cuCtxGetDevice => 0
fake-cuda: call cuCtxGetDevice => 0
fake-cuda: call cuStreamCreateWithPriority => 0
fake-cuda: call cuDevicePrimaryCtxGetState => 0
fake-cuda: call cuCtxGetDevice => 0
fake-cuda: call cuCtxGetDevice => 0
fake-cuda: call cuStreamCreateWithPriority => 0
fake-cuda: call cuDevicePrimaryCtxGetState => 0
fake-cuda: call cuCtxGetDevice => 0
fake-cuda: call cuCtxGetDevice => 0
fake-cuda: call cuStreamCreateWithPriority => 0
fake-cuda: call cuDevicePrimaryCtxGetState => 0
fake-cuda: call cuCtxGetDevice => 0
fake-cuda: call cuCtxGetDevice => 0
fake-cuda: call cuStreamCreateWithPriority => 0
fake-cuda: call cuDevicePrimaryCtxGetState => 0
fake-cuda: call cuCtxGetDevice => 0
fake-cuda: call cuCtxGetDevice => 0
fake-cuda: call cuStreamCreateWithPriority => 0
fake-cuda: call cuDevicePrimaryCtxGetState => 0
fake-cuda: call cuCtxGetDevice => 0
fake-cuda: call cuCtxGetDevice => 0
fake-cuda: call cuStreamCreateWithPriority => 0
fake-cuda: call cuDevicePrimaryCtxGetState => 0
fake-cuda: call cuCtxGetDevice => 0
fake-cuda: call cuCtxGetDevice => 0
fake-cuda: call cuStreamCreateWithPriority => 0
fake-cuda: call cuDevicePrimaryCtxGetState => 0
fake-cuda: call cuCtxGetDevice => 0
fake-cuda: call cuCtxGetDevice => 0
fake-cuda: call cuStreamCreateWithPriority => 0
fake-cuda: call cuDevicePrimaryCtxGetState => 0
fake-cuda: call cuCtxGetDevice => 0
fake-cuda: call cuCtxGetDevice => 0
fake-cuda: call cuStreamCreateWithPriority => 0
fake-cuda: call cuDevicePrimaryCtxGetState => 0
fake-cuda: call cuCtxGetDevice => 0
fake-cuda: call cuCtxGetDevice => 0
fake-cuda: call cuStreamCreateWithPriority => 0
fake-cuda: call cuDevicePrimaryCtxGetState => 0
fake-cuda: call cuCtxGetDevice => 0
fake-cuda: call cuCtxGetDevice => 0
fake-cuda: call cuStreamCreateWithPriority => 0
fake-cuda: call cuDevicePrimaryCtxGetState => 0
fake-cuda: call cuCtxGetDevice => 0
fake-cuda: call cuCtxGetDevice => 0
fake-cuda: call cuStreamCreateWithPriority => 0
fake-cuda: call cuDevicePrimaryCtxGetState => 0
fake-cuda: call cuCtxGetDevice => 0
fake-cuda: call cuCtxGetDevice => 0
fake-cuda: call cuStreamCreateWithPriority => 0
fake-cuda: call cuDevicePrimaryCtxGetState => 0
fake-cuda: call cuCtxGetDevice => 0
fake-cuda: call cuCtxGetDevice => 0
fake-cuda: call cuStreamCreateWithPriority => 0
fake-cuda: call cuDevicePrimaryCtxGetState => 0
fake-cuda: call cuCtxGetDevice => 0
fake-cuda: call cuCtxGetDevice => 0
fake-cuda: call cuStreamCreateWithPriority => 0
fake-cuda: call cuDevicePrimaryCtxGetState => 0
fake-cuda: call cuCtxGetDevice => 0
fake-cuda: call cuCtxGetDevice => 0
fake-cuda: call cuStreamCreateWithPriority => 0
fake-cuda: call cuDevicePrimaryCtxGetState => 0
fake-cuda: call cuCtxGetDevice => 0
fake-cuda: call cuCtxGetDevice => 0
fake-cuda: call cuStreamCreateWithPriority => 0
fake-cuda: call cuDevicePrimaryCtxGetState => 0
fake-cuda: call cuCtxGetDevice => 0
fake-cuda: call cuCtxGetDevice => 0
fake-cuda: call cuStreamCreateWithPriority => 0
fake-cuda: call cuDevicePrimaryCtxGetState => 0
fake-cuda: call cuCtxGetDevice => 0
fake-cuda: call cuCtxGetDevice => 0
fake-cuda: call cuStreamCreateWithPriority => 0
fake-cuda: call cuDevicePrimaryCtxGetState => 0
fake-cuda: call cuCtxGetDevice => 0
fake-cuda: call cuCtxGetDevice => 0
fake-cuda: call cuStreamCreateWithPriority => 0
fake-cuda: call cuDevicePrimaryCtxGetState => 0
fake-cuda: call cuCtxGetDevice => 0
fake-cuda: call cuCtxGetDevice => 0
fake-cuda: call cuStreamCreateWithPriority => 0
fake-cuda: call cuDevicePrimaryCtxGetState => 0
fake-cuda: call cuCtxGetDevice => 0
fake-cuda: call cuCtxGetDevice => 0
fake-cuda: call cuStreamCreateWithPriority => 0
fake-cuda: call cuDevicePrimaryCtxGetState => 0
fake-cuda: call cuCtxGetDevice => 0
fake-cuda: call cuCtxGetDevice => 0
fake-cuda: call cuCtxGetDevice => 0
fake-cuda: call cuCtxGetDevice => 0
fake-cuda: call cuEventCreate => 0
fake-cuda: call cuDevicePrimaryCtxGetState => 0
fake-cuda: call cuCtxGetDevice => 0
fake-cuda: call cuCtxGetDevice => 0
fake-cuda: call cuCtxGetDevice => 0
fake-cuda: call cuStreamIsCapturing => 0
fake-cuda: call cuDevicePrimaryCtxGetState => 0
fake-cuda: call cuCtxGetDevice => 0
fake-cuda: call cuCtxGetDevice => 0
fake-cuda: call cuCtxGetDevice => 0
fake-cuda: call cuStreamIsCapturing => 0
fake-cuda: call cuStreamWaitEvent => 0
fake-cuda: call cuDevicePrimaryCtxGetState => 0
fake-cuda: call cuCtxGetDevice => 0
fake-cuda: call cuCtxGetDevice => 0
fake-cuda: call cuEventDestroy_v2 => 0
fake-cuda: call cuDevicePrimaryCtxGetState => 0
fake-cuda: call cuCtxGetDevice => 0
fake-cuda: call cuCtxGetDevice => 0
fake-cuda: call cuCtxGetDevice => 0
fake-cuda: call cuCtxGetDevice => 0
fake-cuda: call cuCtxGetDevice => 0
fake-cuda: call cuCtxGetDevice => 0
fake-cuda: call cuMemsetD8Async => 0
fake-cuda: call cuCtxGetDevice => 0
fake-cuda: call cuLibraryLoadData => 0
fake-cuda: call cuLibraryGetKernel => 0
fake-cuda: call cuKernelGetFunction => 0
fake-cuda: call cuCtxGetDevice => 0
fake-cuda: call cuCtxGetDevice => 0
Traceback (most recent call last):
  File "/home/gongji/0z5a/work/fake-cuda-pcie-test/patched/tests/integration/pytorch/svdquant_control_flow.py", line 28, in <module>
    run()
  File "/home/gongji/0z5a/work/fake-cuda-pcie-test/patched/tests/integration/pytorch/svdquant_control_flow.py", line 21, in run
    svdq_quantize_w4a4_act_fuse_lora_cuda(a, packed_a, a_scales, down, lowrank_a, smooth)
  File "/home/gongji/0z5a/work/fake-cuda-pcie-test/kernels/nunchaku-ops/nunchaku/ops/quantize.py", line 80, in svdq_quantize_w4a4_act_fuse_lora_cuda
    ops.quantize_w4a4_act_fuse_lora(input, output, oscales, lora_down, lora_act_out, smooth, fuse_glu, fp4)
RuntimeError: CUDA error: API call is not supported in the installed CUDA driver (at /home/gongji/0z5a/work/fake-cuda-pcie-test/kernels/nunchaku/src/kernels/zgemm/gemm_w4a4_launch_impl.cuh:498)
fake-cuda: call cuLibraryUnload => 0
fake-cuda: call cuDevicePrimaryCtxRelease_v2 => 0
